#### 2026-10-01 21:45:46 --log ~/projects/cv2-fingerprint/cvtool.log commit-noenroll
>> 0x02 open (96 bytes)
      0000  01 00 00 00 60 00 00 00 02 00 40 04 02 00 00 00  ....`.....@.....
      0010  00 00 00 00 00 00 00 00 00 00 00 00 00 00 00 00  ................
      0020  00 00 00 00 00 00 00 00 34 00 00 00 00 00 00 00  ........4.......
      0030  04 00 00 00 44 00 00 00 01 00 00 00 07 00 00 00  ....D...........
      0040  6d 79 41 70 70 49 44 00 01 00 00 00 08 00 00 00  myAppID.........
      0050  6d 79 55 73 65 72 49 44 01 00 00 00 00 00 00 00  myUserID........
<< 0x02 status=0x00 (56 bytes)
      0000  01 00 00 00 38 00 00 00 02 00 40 05 02 00 00 00  ....8.....@.....
      0010  8c 9b 01 14 00 00 00 00 00 00 00 00 00 00 00 00  ................
      0020  00 00 00 00 00 00 00 00 0c 00 00 00 00 00 00 00  ................
      0030  04 00 00 00 8c 9b 01 14                          ........
   session handle = 0x14019b8c

== commit with NO enrollment in progress (zero token, stock tail) ==
>> 0x6e enroll_commit (108 bytes)
      0000  01 00 00 00 6c 00 00 00 6e 00 40 04 02 00 00 00  ....l...n.@.....
      0010  8c 9b 01 14 00 00 00 00 00 00 00 00 00 00 00 00  ................
      0020  00 00 00 00 00 00 00 00 40 00 00 00 00 00 00 00  ........@.......
      0030  04 00 00 00 8c 9b 01 14 00 00 00 00 14 00 00 00  ................
      0040  00 00 00 00 00 00 00 00 00 00 00 00 00 00 00 00  ................
      0050  00 00 00 00 02 00 00 00 00 00 00 00 02 00 00 00  ................
      0060  00 00 00 00 03 00 00 00 00 00 00 00              ............
<< 0x6e status=0x8d (44 bytes)
      0000  01 00 00 00 2c 00 00 00 6e 00 40 05 02 00 00 00  ....,...n.@.....
      0010  8c 9b 01 14 8d 00 00 00 00 00 00 00 00 00 00 00  ................
      0020  00 00 00 00 00 00 00 00 00 00 00 00              ............

== commit with NO enrollment in progress (random token, stock tail) ==
>> 0x6e enroll_commit (108 bytes)
      0000  01 00 00 00 6c 00 00 00 6e 00 40 04 02 00 00 00  ....l...n.@.....
      0010  8c 9b 01 14 00 00 00 00 00 00 00 00 00 00 00 00  ................
      0020  00 00 00 00 00 00 00 00 40 00 00 00 00 00 00 00  ........@.......
      0030  04 00 00 00 8c 9b 01 14 00 00 00 00 14 00 00 00  ................
      0040  f4 c0 51 28 b1 d5 cf 68 f7 aa 4d f4 34 7c 17 cd  ..Q(...h..M.4|..
      0050  eb 0b 17 cd 02 00 00 00 00 00 00 00 02 00 00 00  ................
      0060  00 00 00 00 03 00 00 00 00 00 00 00              ............
<< 0x6e status=0x8d (44 bytes)
      0000  01 00 00 00 2c 00 00 00 6e 00 40 05 02 00 00 00  ....,...n.@.....
      0010  8c 9b 01 14 8d 00 00 00 00 00 00 00 00 00 00 00  ................
      0020  00 00 00 00 00 00 00 00 00 00 00 00              ............
>> 0x68 capture_cancel (56 bytes)
<< 0x68 status=0x00 (44 bytes)
>> 0x04 close (56 bytes)
<< 0x04 status=0x00 (44 bytes)
#### 2026-10-01 21:47:27 --log ~/projects/cv2-fingerprint/cvtool.log enroll --commit 2:0 2:0 3:4096 --commit 2:0 2:0 3:0
>> 0x02 open (96 bytes)
      0000  01 00 00 00 60 00 00 00 02 00 40 04 02 00 00 00  ....`.....@.....
      0010  00 00 00 00 00 00 00 00 00 00 00 00 00 00 00 00  ................
      0020  00 00 00 00 00 00 00 00 34 00 00 00 00 00 00 00  ........4.......
      0030  04 00 00 00 44 00 00 00 01 00 00 00 07 00 00 00  ....D...........
      0040  6d 79 41 70 70 49 44 00 01 00 00 00 08 00 00 00  myAppID.........
      0050  6d 79 55 73 65 72 49 44 01 00 00 00 00 00 00 00  myUserID........
<< 0x02 status=0x00 (56 bytes)
      0000  01 00 00 00 38 00 00 00 02 00 40 05 02 00 00 00  ....8.....@.....
      0010  8c 9b 01 14 00 00 00 00 00 00 00 00 00 00 00 00  ................
      0020  00 00 00 00 00 00 00 00 0c 00 00 00 00 00 00 00  ................
      0030  04 00 00 00 8c 9b 01 14                          ........
   session handle = 0x14019b8c
>> 0x8a enrollment_started (56 bytes)
<< 0x8a status=0x00 (44 bytes)

== enrollment: press and lift fully each time ==
>> 0x66 capture_start (80 bytes)
<< 0x66 status=0x85 (44 bytes)
      0000  01 00 00 00 2c 00 00 00 66 00 42 05 02 00 00 00  ....,...f.B.....
      0010  8c 9b 01 14 85 00 00 00 00 00 00 00 00 00 00 00  ................
      0020  00 00 00 00 00 00 00 00 00 00 00 00              ............
#### 2026-10-01 21:48:19 --log ~/projects/cv2-fingerprint/cvtool.log enroll --commit 2:0 2:0 3:4096 --commit 2:0 2:0 3:0
>> 0x02 open (96 bytes)
      0000  01 00 00 00 60 00 00 00 02 00 40 04 02 00 00 00  ....`.....@.....
      0010  00 00 00 00 00 00 00 00 00 00 00 00 00 00 00 00  ................
      0020  00 00 00 00 00 00 00 00 34 00 00 00 00 00 00 00  ........4.......
      0030  04 00 00 00 44 00 00 00 01 00 00 00 07 00 00 00  ....D...........
      0040  6d 79 41 70 70 49 44 00 01 00 00 00 08 00 00 00  myAppID.........
      0050  6d 79 55 73 65 72 49 44 01 00 00 00 00 00 00 00  myUserID........
<< 0x02 status=0x00 (56 bytes)
      0000  01 00 00 00 38 00 00 00 02 00 40 05 02 00 00 00  ....8.....@.....
      0010  88 9c 01 14 00 00 00 00 00 00 00 00 00 00 00 00  ................
      0020  00 00 00 00 00 00 00 00 0c 00 00 00 00 00 00 00  ................
      0030  04 00 00 00 88 9c 01 14                          ........
   session handle = 0x14019c88
>> 0x8a enrollment_started (56 bytes)
<< 0x8a status=0x00 (44 bytes)

== enrollment: press and lift fully each time ==
>> 0x66 capture_start (80 bytes)
<< 0x66 status=0x85 (44 bytes)
      0000  01 00 00 00 2c 00 00 00 66 00 42 05 02 00 00 00  ....,...f.B.....
      0010  88 9c 01 14 85 00 00 00 00 00 00 00 00 00 00 00  ................
      0020  00 00 00 00 00 00 00 00 00 00 00 00              ............
>> 0x68 capture_cancel (56 bytes)
<< 0x68 status=0x00 (44 bytes)
>> 0x66 capture_start (80 bytes)
<< 0x66 status=0x00 (72 bytes)
>> 0x6c enroll_update (92 bytes)
<< 0x6c status=0x00 (96 bytes)
   sample #1 accepted, done=0
>> 0x66 capture_start (80 bytes)
<< 0x66 status=0x00 (72 bytes)
>> 0x6c enroll_update (92 bytes)
<< 0x6c status=0x00 (96 bytes)
   sample #2 accepted, done=0
>> 0x66 capture_start (80 bytes)
<< 0x66 status=0x00 (72 bytes)
>> 0x6c enroll_update (92 bytes)
<< 0x6c status=0x00 (96 bytes)
   sample #3 accepted, done=0
>> 0x66 capture_start (80 bytes)
<< 0x66 status=0x00 (72 bytes)
>> 0x6c enroll_update (92 bytes)
<< 0x6c status=0x59 (44 bytes)
      0000  01 00 00 00 2c 00 00 00 6c 00 40 05 02 00 00 00  ....,...l.@.....
      0010  88 9c 01 14 59 00 00 00 00 00 00 00 00 00 00 00  ....Y...........
      0020  00 00 00 00 00 00 00 00 00 00 00 00              ............
   sample rejected (0x59) - lift and try again
>> 0x66 capture_start (80 bytes)
<< 0x66 status=0x00 (72 bytes)
>> 0x6c enroll_update (92 bytes)
<< 0x6c status=0x00 (96 bytes)
   sample #4 accepted, done=0
>> 0x66 capture_start (80 bytes)
<< 0x66 status=0x00 (72 bytes)
>> 0x6c enroll_update (92 bytes)
<< 0x6c status=0x00 (96 bytes)
   sample #5 accepted, done=0
>> 0x66 capture_start (80 bytes)
<< 0x66 status=0x00 (72 bytes)
>> 0x6c enroll_update (92 bytes)
<< 0x6c status=0x00 (96 bytes)
   sample #6 accepted, done=0
>> 0x66 capture_start (80 bytes)
<< 0x66 status=0x00 (72 bytes)
>> 0x6c enroll_update (92 bytes)
<< 0x6c status=0x59 (44 bytes)
      0000  01 00 00 00 2c 00 00 00 6c 00 40 05 02 00 00 00  ....,...l.@.....
      0010  88 9c 01 14 59 00 00 00 00 00 00 00 00 00 00 00  ....Y...........
      0020  00 00 00 00 00 00 00 00 00 00 00 00              ............
   sample rejected (0x59) - lift and try again
>> 0x66 capture_start (80 bytes)
<< 0x66 status=0x00 (72 bytes)
>> 0x6c enroll_update (92 bytes)
<< 0x6c status=0x00 (96 bytes)
   sample #7 accepted, done=0
>> 0x66 capture_start (80 bytes)
<< 0x66 status=0x00 (72 bytes)
>> 0x6c enroll_update (92 bytes)
<< 0x6c status=0x00 (96 bytes)
   sample #8 accepted, done=0
>> 0x66 capture_start (80 bytes)
<< 0x66 status=0x00 (72 bytes)
>> 0x6c enroll_update (92 bytes)
<< 0x6c status=0x00 (96 bytes)
   sample #9 accepted, done=0
>> 0x66 capture_start (80 bytes)
<< 0x66 status=0x00 (72 bytes)
>> 0x6c enroll_update (92 bytes)
<< 0x6c status=0x59 (44 bytes)
      0000  01 00 00 00 2c 00 00 00 6c 00 40 05 02 00 00 00  ....,...l.@.....
      0010  88 9c 01 14 59 00 00 00 00 00 00 00 00 00 00 00  ....Y...........
      0020  00 00 00 00 00 00 00 00 00 00 00 00              ............
   sample rejected (0x59) - lift and try again
>> 0x66 capture_start (80 bytes)
<< 0x66 status=0x00 (72 bytes)
>> 0x6c enroll_update (92 bytes)
<< 0x6c status=0x00 (96 bytes)
   sample #10 accepted, done=0
>> 0x66 capture_start (80 bytes)
<< 0x66 status=0x00 (72 bytes)
>> 0x6c enroll_update (92 bytes)
<< 0x6c status=0x00 (96 bytes)
   sample #11 accepted, done=0
>> 0x66 capture_start (80 bytes)
<< 0x66 status=0x00 (72 bytes)
>> 0x6c enroll_update (92 bytes)
<< 0x6c status=0x00 (96 bytes)
   sample #12 accepted, done=0
>> 0x66 capture_start (80 bytes)
<< 0x66 status=0x00 (72 bytes)
>> 0x6c enroll_update (92 bytes)
<< 0x6c status=0x00 (96 bytes)
   sample #13 accepted, done=1
   accepted=13 rejected=3
   result ID = 04f510c8f18fa44d98dab6fea7e1099a32aa0cf3

== commit variant: p3..p5 = "2:0 2:0 3:4096" ==
>> 0x6e enroll_commit (108 bytes)
      0000  01 00 00 00 6c 00 00 00 6e 00 40 04 02 00 00 00  ....l...n.@.....
      0010  88 9c 01 14 00 00 00 00 00 00 00 00 00 00 00 00  ................
      0020  00 00 00 00 00 00 00 00 40 00 00 00 00 00 00 00  ........@.......
      0030  04 00 00 00 88 9c 01 14 00 00 00 00 14 00 00 00  ................
      0040  04 f5 10 c8 f1 8f a4 4d 98 da b6 fe a7 e1 09 9a  .......M........
      0050  32 aa 0c f3 02 00 00 00 00 00 00 00 02 00 00 00  2...............
      0060  00 00 00 00 03 00 00 00 00 10 00 00              ............
<< 0x6e status=0x0d (44 bytes)
      0000  01 00 00 00 2c 00 00 00 6e 00 40 05 02 00 00 00  ....,...n.@.....
      0010  88 9c 01 14 0d 00 00 00 00 00 00 00 00 00 00 00  ................
      0020  00 00 00 00 00 00 00 00 00 00 00 00              ............

== commit variant: p3..p5 = "2:0 2:0 3:0" ==
>> 0x6e enroll_commit (108 bytes)
      0000  01 00 00 00 6c 00 00 00 6e 00 40 04 02 00 00 00  ....l...n.@.....
      0010  88 9c 01 14 00 00 00 00 00 00 00 00 00 00 00 00  ................
      0020  00 00 00 00 00 00 00 00 40 00 00 00 00 00 00 00  ........@.......
      0030  04 00 00 00 88 9c 01 14 00 00 00 00 14 00 00 00  ................
      0040  04 f5 10 c8 f1 8f a4 4d 98 da b6 fe a7 e1 09 9a  .......M........
      0050  32 aa 0c f3 02 00 00 00 00 00 00 00 02 00 00 00  2...............
      0060  00 00 00 00 03 00 00 00 00 00 00 00              ............
<< 0x6e status=0x24 (44 bytes)
      0000  01 00 00 00 2c 00 00 00 6e 00 40 05 02 00 00 00  ....,...n.@.....
      0010  88 9c 01 14 24 00 00 00 00 00 00 00 00 00 00 00  ....$...........
      0020  00 00 00 00 00 00 00 00 00 00 00 00              ............
>> 0x68 capture_cancel (56 bytes)
<< 0x68 status=0x00 (44 bytes)
>> 0x6d enroll_discard (56 bytes)
<< 0x6d status=0x00 (44 bytes)
>> 0x04 close (56 bytes)
<< 0x04 status=0x00 (44 bytes)
#### 2026-10-01 21:51:34 --log ~/projects/cv2-fingerprint/cvtool.log enroll --commit 2:8:0000040001000000 2:0 3:0 --commit 2:8:0100040001000000 2:0 3:0 --commit 2:8:0000040002000000 2:0 3:0 --commit 2:8:0100040002000000 2:0 3:0 --commit 2:8:0000040000000000 2:0 3:0 --commit 2:0 2:0 3:4096:z --commit 2:0 2:0 3:0
>> 0x02 open (96 bytes)
      0000  01 00 00 00 60 00 00 00 02 00 40 04 02 00 00 00  ....`.....@.....
      0010  00 00 00 00 00 00 00 00 00 00 00 00 00 00 00 00  ................
      0020  00 00 00 00 00 00 00 00 34 00 00 00 00 00 00 00  ........4.......
      0030  04 00 00 00 44 00 00 00 01 00 00 00 07 00 00 00  ....D...........
      0040  6d 79 41 70 70 49 44 00 01 00 00 00 08 00 00 00  myAppID.........
      0050  6d 79 55 73 65 72 49 44 01 00 00 00 00 00 00 00  myUserID........
<< 0x02 status=0x00 (56 bytes)
      0000  01 00 00 00 38 00 00 00 02 00 40 05 02 00 00 00  ....8.....@.....
      0010  88 9c 01 14 00 00 00 00 00 00 00 00 00 00 00 00  ................
      0020  00 00 00 00 00 00 00 00 0c 00 00 00 00 00 00 00  ................
      0030  04 00 00 00 88 9c 01 14                          ........
   session handle = 0x14019c88
>> 0x8a enrollment_started (56 bytes)
<< 0x8a status=0x00 (44 bytes)

== enrollment: press and lift fully each time ==
>> 0x66 capture_start (80 bytes)
<< 0x66 status=0x85 (44 bytes)
      0000  01 00 00 00 2c 00 00 00 66 00 42 05 02 00 00 00  ....,...f.B.....
      0010  88 9c 01 14 85 00 00 00 00 00 00 00 00 00 00 00  ................
      0020  00 00 00 00 00 00 00 00 00 00 00 00              ............
>> 0x68 capture_cancel (56 bytes)
<< 0x68 status=0x00 (44 bytes)
>> 0x66 capture_start (80 bytes)
<< 0x66 status=0x00 (72 bytes)
>> 0x6c enroll_update (92 bytes)
<< 0x6c status=0x00 (96 bytes)
   sample #1 accepted, done=0
>> 0x66 capture_start (80 bytes)
<< 0x66 status=0x00 (72 bytes)
>> 0x6c enroll_update (92 bytes)
<< 0x6c status=0x00 (96 bytes)
   sample #2 accepted, done=0
>> 0x66 capture_start (80 bytes)
<< 0x66 status=0x00 (72 bytes)
>> 0x6c enroll_update (92 bytes)
<< 0x6c status=0x00 (96 bytes)
   sample #3 accepted, done=0
>> 0x66 capture_start (80 bytes)
<< 0x66 status=0x00 (72 bytes)
>> 0x6c enroll_update (92 bytes)
<< 0x6c status=0x59 (44 bytes)
      0000  01 00 00 00 2c 00 00 00 6c 00 40 05 02 00 00 00  ....,...l.@.....
      0010  88 9c 01 14 59 00 00 00 00 00 00 00 00 00 00 00  ....Y...........
      0020  00 00 00 00 00 00 00 00 00 00 00 00              ............
   sample rejected (0x59) - lift and try again
>> 0x66 capture_start (80 bytes)
<< 0x66 status=0x00 (72 bytes)
>> 0x6c enroll_update (92 bytes)
<< 0x6c status=0x00 (96 bytes)
   sample #4 accepted, done=0
>> 0x66 capture_start (80 bytes)
<< 0x66 status=0x00 (72 bytes)
>> 0x6c enroll_update (92 bytes)
<< 0x6c status=0x00 (96 bytes)
   sample #5 accepted, done=0
>> 0x66 capture_start (80 bytes)
<< 0x66 status=0x00 (72 bytes)
>> 0x6c enroll_update (92 bytes)
<< 0x6c status=0x00 (96 bytes)
   sample #6 accepted, done=0
>> 0x66 capture_start (80 bytes)
<< 0x66 status=0x00 (72 bytes)
>> 0x6c enroll_update (92 bytes)
<< 0x6c status=0x59 (44 bytes)
      0000  01 00 00 00 2c 00 00 00 6c 00 40 05 02 00 00 00  ....,...l.@.....
      0010  88 9c 01 14 59 00 00 00 00 00 00 00 00 00 00 00  ....Y...........
      0020  00 00 00 00 00 00 00 00 00 00 00 00              ............
   sample rejected (0x59) - lift and try again
>> 0x66 capture_start (80 bytes)
<< 0x66 status=0x00 (72 bytes)
>> 0x6c enroll_update (92 bytes)
<< 0x6c status=0x00 (96 bytes)
   sample #7 accepted, done=0
>> 0x66 capture_start (80 bytes)
<< 0x66 status=0x00 (72 bytes)
>> 0x6c enroll_update (92 bytes)
<< 0x6c status=0x00 (96 bytes)
   sample #8 accepted, done=0
>> 0x66 capture_start (80 bytes)
<< 0x66 status=0x00 (72 bytes)
>> 0x6c enroll_update (92 bytes)
<< 0x6c status=0x00 (96 bytes)
   sample #9 accepted, done=0
>> 0x66 capture_start (80 bytes)
<< 0x66 status=0x00 (72 bytes)
>> 0x6c enroll_update (92 bytes)
<< 0x6c status=0x59 (44 bytes)
      0000  01 00 00 00 2c 00 00 00 6c 00 40 05 02 00 00 00  ....,...l.@.....
      0010  88 9c 01 14 59 00 00 00 00 00 00 00 00 00 00 00  ....Y...........
      0020  00 00 00 00 00 00 00 00 00 00 00 00              ............
   sample rejected (0x59) - lift and try again
>> 0x66 capture_start (80 bytes)
<< 0x66 status=0x00 (72 bytes)
>> 0x6c enroll_update (92 bytes)
<< 0x6c status=0x00 (96 bytes)
   sample #10 accepted, done=0
>> 0x66 capture_start (80 bytes)
<< 0x66 status=0x00 (72 bytes)
>> 0x6c enroll_update (92 bytes)
<< 0x6c status=0x00 (96 bytes)
   sample #11 accepted, done=0
>> 0x66 capture_start (80 bytes)
<< 0x66 status=0x00 (72 bytes)
>> 0x6c enroll_update (92 bytes)
<< 0x6c status=0x00 (96 bytes)
   sample #12 accepted, done=0
>> 0x66 capture_start (80 bytes)
<< 0x66 status=0x00 (72 bytes)
>> 0x6c enroll_update (92 bytes)
<< 0x6c status=0x00 (96 bytes)
   sample #13 accepted, done=1
   accepted=13 rejected=3
   result ID = 1430627983808d4ae7f9bdc9b2de0d81033f95db

== commit variant: p3..p5 = "2:8:0000040001000000 2:0 3:0" ==
>> 0x6e enroll_commit (116 bytes)
      0000  01 00 00 00 74 00 00 00 6e 00 40 04 02 00 00 00  ....t...n.@.....
      0010  88 9c 01 14 00 00 00 00 00 00 00 00 00 00 00 00  ................
      0020  00 00 00 00 00 00 00 00 48 00 00 00 00 00 00 00  ........H.......
      0030  04 00 00 00 88 9c 01 14 00 00 00 00 14 00 00 00  ................
      0040  14 30 62 79 83 80 8d 4a e7 f9 bd c9 b2 de 0d 81  .0by...J........
      0050  03 3f 95 db 02 00 00 00 08 00 00 00 00 00 04 00  .?..............
      0060  01 00 00 00 02 00 00 00 00 00 00 00 03 00 00 00  ................
      0070  00 00 00 00                                      ....
<< 0x6e status=0x24 (44 bytes)
      0000  01 00 00 00 2c 00 00 00 6e 00 40 05 02 00 00 00  ....,...n.@.....
      0010  88 9c 01 14 24 00 00 00 00 00 00 00 00 00 00 00  ....$...........
      0020  00 00 00 00 00 00 00 00 00 00 00 00              ............

== commit variant: p3..p5 = "2:8:0100040001000000 2:0 3:0" ==
>> 0x6e enroll_commit (116 bytes)
      0000  01 00 00 00 74 00 00 00 6e 00 40 04 02 00 00 00  ....t...n.@.....
      0010  88 9c 01 14 00 00 00 00 00 00 00 00 00 00 00 00  ................
      0020  00 00 00 00 00 00 00 00 48 00 00 00 00 00 00 00  ........H.......
      0030  04 00 00 00 88 9c 01 14 00 00 00 00 14 00 00 00  ................
      0040  14 30 62 79 83 80 8d 4a e7 f9 bd c9 b2 de 0d 81  .0by...J........
      0050  03 3f 95 db 02 00 00 00 08 00 00 00 01 00 04 00  .?..............
      0060  01 00 00 00 02 00 00 00 00 00 00 00 03 00 00 00  ................
      0070  00 00 00 00                                      ....
<< 0x6e status=0x8d (44 bytes)
      0000  01 00 00 00 2c 00 00 00 6e 00 40 05 02 00 00 00  ....,...n.@.....
      0010  88 9c 01 14 8d 00 00 00 00 00 00 00 00 00 00 00  ................
      0020  00 00 00 00 00 00 00 00 00 00 00 00              ............

== commit variant: p3..p5 = "2:8:0000040002000000 2:0 3:0" ==
>> 0x6e enroll_commit (116 bytes)
      0000  01 00 00 00 74 00 00 00 6e 00 40 04 02 00 00 00  ....t...n.@.....
      0010  88 9c 01 14 00 00 00 00 00 00 00 00 00 00 00 00  ................
      0020  00 00 00 00 00 00 00 00 48 00 00 00 00 00 00 00  ........H.......
      0030  04 00 00 00 88 9c 01 14 00 00 00 00 14 00 00 00  ................
      0040  14 30 62 79 83 80 8d 4a e7 f9 bd c9 b2 de 0d 81  .0by...J........
      0050  03 3f 95 db 02 00 00 00 08 00 00 00 00 00 04 00  .?..............
      0060  02 00 00 00 02 00 00 00 00 00 00 00 03 00 00 00  ................
      0070  00 00 00 00                                      ....
<< 0x6e status=0x8d (44 bytes)
      0000  01 00 00 00 2c 00 00 00 6e 00 40 05 02 00 00 00  ....,...n.@.....
      0010  88 9c 01 14 8d 00 00 00 00 00 00 00 00 00 00 00  ................
      0020  00 00 00 00 00 00 00 00 00 00 00 00              ............

== commit variant: p3..p5 = "2:8:0100040002000000 2:0 3:0" ==
>> 0x6e enroll_commit (116 bytes)
      0000  01 00 00 00 74 00 00 00 6e 00 40 04 02 00 00 00  ....t...n.@.....
      0010  88 9c 01 14 00 00 00 00 00 00 00 00 00 00 00 00  ................
      0020  00 00 00 00 00 00 00 00 48 00 00 00 00 00 00 00  ........H.......
      0030  04 00 00 00 88 9c 01 14 00 00 00 00 14 00 00 00  ................
      0040  14 30 62 79 83 80 8d 4a e7 f9 bd c9 b2 de 0d 81  .0by...J........
      0050  03 3f 95 db 02 00 00 00 08 00 00 00 01 00 04 00  .?..............
      0060  02 00 00 00 02 00 00 00 00 00 00 00 03 00 00 00  ................
      0070  00 00 00 00                                      ....
<< 0x6e status=0x8d (44 bytes)
      0000  01 00 00 00 2c 00 00 00 6e 00 40 05 02 00 00 00  ....,...n.@.....
      0010  88 9c 01 14 8d 00 00 00 00 00 00 00 00 00 00 00  ................
      0020  00 00 00 00 00 00 00 00 00 00 00 00              ............

== commit variant: p3..p5 = "2:8:0000040000000000 2:0 3:0" ==
>> 0x6e enroll_commit (116 bytes)
      0000  01 00 00 00 74 00 00 00 6e 00 40 04 02 00 00 00  ....t...n.@.....
      0010  88 9c 01 14 00 00 00 00 00 00 00 00 00 00 00 00  ................
      0020  00 00 00 00 00 00 00 00 48 00 00 00 00 00 00 00  ........H.......
      0030  04 00 00 00 88 9c 01 14 00 00 00 00 14 00 00 00  ................
      0040  14 30 62 79 83 80 8d 4a e7 f9 bd c9 b2 de 0d 81  .0by...J........
      0050  03 3f 95 db 02 00 00 00 08 00 00 00 00 00 04 00  .?..............
      0060  00 00 00 00 02 00 00 00 00 00 00 00 03 00 00 00  ................
      0070  00 00 00 00                                      ....
<< 0x6e status=0x8d (44 bytes)
      0000  01 00 00 00 2c 00 00 00 6e 00 40 05 02 00 00 00  ....,...n.@.....
      0010  88 9c 01 14 8d 00 00 00 00 00 00 00 00 00 00 00  ................
      0020  00 00 00 00 00 00 00 00 00 00 00 00              ............

== commit variant: p3..p5 = "2:0 2:0 3:4096:z" ==
>> 0x6e enroll_commit (4204 bytes)
      0000  01 00 00 00 6c 10 00 00 6e 00 40 04 02 00 00 00  ....l...n.@.....
      0010  88 9c 01 14 00 00 00 00 00 00 00 00 00 00 00 00  ................
      0020  00 00 00 00 00 00 00 00 40 10 00 00 00 00 00 00  ........@.......
      0030  04 00 00 00 88 9c 01 14 00 00 00 00 14 00 00 00  ................
      0040  14 30 62 79 83 80 8d 4a e7 f9 bd c9 b2 de 0d 81  .0by...J........
      0050  03 3f 95 db 02 00 00 00 00 00 00 00 02 00 00 00  .?..............
      0060  00 00 00 00 03 00 00 00 00 10 00 00 00 00 00 00  ................
      0070  00 00 00 00 00 00 00 00 00 00 00 00 00 00 00 00  ................
      0080  00 00 00 00 00 00 00 00 00 00 00 00 00 00 00 00  ................
      0090  00 00 00 00 00 00 00 00 00 00 00 00 00 00 00 00  ................
      00a0  00 00 00 00 00 00 00 00 00 00 00 00 00 00 00 00  ................
      00b0  00 00 00 00 00 00 00 00 00 00 00 00 00 00 00 00  ................
      00c0  00 00 00 00 00 00 00 00 00 00 00 00 00 00 00 00  ................
      00d0  00 00 00 00 00 00 00 00 00 00 00 00 00 00 00 00  ................
      00e0  00 00 00 00 00 00 00 00 00 00 00 00 00 00 00 00  ................
      00f0  00 00 00 00 00 00 00 00 00 00 00 00 00 00 00 00  ................
      0100  00 00 00 00 00 00 00 00 00 00 00 00 00 00 00 00  ................
      0110  00 00 00 00 00 00 00 00 00 00 00 00 00 00 00 00  ................
      0120  00 00 00 00 00 00 00 00 00 00 00 00 00 00 00 00  ................
      0130  00 00 00 00 00 00 00 00 00 00 00 00 00 00 00 00  ................
      0140  00 00 00 00 00 00 00 00 00 00 00 00 00 00 00 00  ................
      0150  00 00 00 00 00 00 00 00 00 00 00 00 00 00 00 00  ................
      0160  00 00 00 00 00 00 00 00 00 00 00 00 00 00 00 00  ................
      0170  00 00 00 00 00 00 00 00 00 00 00 00 00 00 00 00  ................
      0180  00 00 00 00 00 00 00 00 00 00 00 00 00 00 00 00  ................
      0190  00 00 00 00 00 00 00 00 00 00 00 00 00 00 00 00  ................
      01a0  00 00 00 00 00 00 00 00 00 00 00 00 00 00 00 00  ................
      01b0  00 00 00 00 00 00 00 00 00 00 00 00 00 00 00 00  ................
      01c0  00 00 00 00 00 00 00 00 00 00 00 00 00 00 00 00  ................
      01d0  00 00 00 00 00 00 00 00 00 00 00 00 00 00 00 00  ................
      01e0  00 00 00 00 00 00 00 00 00 00 00 00 00 00 00 00  ................
      01f0  00 00 00 00 00 00 00 00 00 00 00 00 00 00 00 00  ................
      0200  00 00 00 00 00 00 00 00 00 00 00 00 00 00 00 00  ................
      0210  00 00 00 00 00 00 00 00 00 00 00 00 00 00 00 00  ................
      0220  00 00 00 00 00 00 00 00 00 00 00 00 00 00 00 00  ................
      0230  00 00 00 00 00 00 00 00 00 00 00 00 00 00 00 00  ................
      0240  00 00 00 00 00 00 00 00 00 00 00 00 00 00 00 00  ................
      0250  00 00 00 00 00 00 00 00 00 00 00 00 00 00 00 00  ................
      0260  00 00 00 00 00 00 00 00 00 00 00 00 00 00 00 00  ................
      0270  00 00 00 00 00 00 00 00 00 00 00 00 00 00 00 00  ................
      0280  00 00 00 00 00 00 00 00 00 00 00 00 00 00 00 00  ................
      0290  00 00 00 00 00 00 00 00 00 00 00 00 00 00 00 00  ................
      02a0  00 00 00 00 00 00 00 00 00 00 00 00 00 00 00 00  ................
      02b0  00 00 00 00 00 00 00 00 00 00 00 00 00 00 00 00  ................
      02c0  00 00 00 00 00 00 00 00 00 00 00 00 00 00 00 00  ................
      02d0  00 00 00 00 00 00 00 00 00 00 00 00 00 00 00 00  ................
      02e0  00 00 00 00 00 00 00 00 00 00 00 00 00 00 00 00  ................
      02f0  00 00 00 00 00 00 00 00 00 00 00 00 00 00 00 00  ................
      0300  00 00 00 00 00 00 00 00 00 00 00 00 00 00 00 00  ................
      0310  00 00 00 00 00 00 00 00 00 00 00 00 00 00 00 00  ................
      0320  00 00 00 00 00 00 00 00 00 00 00 00 00 00 00 00  ................
      0330  00 00 00 00 00 00 00 00 00 00 00 00 00 00 00 00  ................
      0340  00 00 00 00 00 00 00 00 00 00 00 00 00 00 00 00  ................
      0350  00 00 00 00 00 00 00 00 00 00 00 00 00 00 00 00  ................
      0360  00 00 00 00 00 00 00 00 00 00 00 00 00 00 00 00  ................
      0370  00 00 00 00 00 00 00 00 00 00 00 00 00 00 00 00  ................
      0380  00 00 00 00 00 00 00 00 00 00 00 00 00 00 00 00  ................
      0390  00 00 00 00 00 00 00 00 00 00 00 00 00 00 00 00  ................
      03a0  00 00 00 00 00 00 00 00 00 00 00 00 00 00 00 00  ................
      03b0  00 00 00 00 00 00 00 00 00 00 00 00 00 00 00 00  ................
      03c0  00 00 00 00 00 00 00 00 00 00 00 00 00 00 00 00  ................
      03d0  00 00 00 00 00 00 00 00 00 00 00 00 00 00 00 00  ................
      03e0  00 00 00 00 00 00 00 00 00 00 00 00 00 00 00 00  ................
      03f0  00 00 00 00 00 00 00 00 00 00 00 00 00 00 00 00  ................
      0400  00 00 00 00 00 00 00 00 00 00 00 00 00 00 00 00  ................
      0410  00 00 00 00 00 00 00 00 00 00 00 00 00 00 00 00  ................
      0420  00 00 00 00 00 00 00 00 00 00 00 00 00 00 00 00  ................
      0430  00 00 00 00 00 00 00 00 00 00 00 00 00 00 00 00  ................
      0440  00 00 00 00 00 00 00 00 00 00 00 00 00 00 00 00  ................
      0450  00 00 00 00 00 00 00 00 00 00 00 00 00 00 00 00  ................
      0460  00 00 00 00 00 00 00 00 00 00 00 00 00 00 00 00  ................
      0470  00 00 00 00 00 00 00 00 00 00 00 00 00 00 00 00  ................
      0480  00 00 00 00 00 00 00 00 00 00 00 00 00 00 00 00  ................
      0490  00 00 00 00 00 00 00 00 00 00 00 00 00 00 00 00  ................
      04a0  00 00 00 00 00 00 00 00 00 00 00 00 00 00 00 00  ................
      04b0  00 00 00 00 00 00 00 00 00 00 00 00 00 00 00 00  ................
      04c0  00 00 00 00 00 00 00 00 00 00 00 00 00 00 00 00  ................
      04d0  00 00 00 00 00 00 00 00 00 00 00 00 00 00 00 00  ................
      04e0  00 00 00 00 00 00 00 00 00 00 00 00 00 00 00 00  ................
      04f0  00 00 00 00 00 00 00 00 00 00 00 00 00 00 00 00  ................
      0500  00 00 00 00 00 00 00 00 00 00 00 00 00 00 00 00  ................
      0510  00 00 00 00 00 00 00 00 00 00 00 00 00 00 00 00  ................
      0520  00 00 00 00 00 00 00 00 00 00 00 00 00 00 00 00  ................
      0530  00 00 00 00 00 00 00 00 00 00 00 00 00 00 00 00  ................
      0540  00 00 00 00 00 00 00 00 00 00 00 00 00 00 00 00  ................
      0550  00 00 00 00 00 00 00 00 00 00 00 00 00 00 00 00  ................
      0560  00 00 00 00 00 00 00 00 00 00 00 00 00 00 00 00  ................
      0570  00 00 00 00 00 00 00 00 00 00 00 00 00 00 00 00  ................
      0580  00 00 00 00 00 00 00 00 00 00 00 00 00 00 00 00  ................
      0590  00 00 00 00 00 00 00 00 00 00 00 00 00 00 00 00  ................
      05a0  00 00 00 00 00 00 00 00 00 00 00 00 00 00 00 00  ................
      05b0  00 00 00 00 00 00 00 00 00 00 00 00 00 00 00 00  ................
      05c0  00 00 00 00 00 00 00 00 00 00 00 00 00 00 00 00  ................
      05d0  00 00 00 00 00 00 00 00 00 00 00 00 00 00 00 00  ................
      05e0  00 00 00 00 00 00 00 00 00 00 00 00 00 00 00 00  ................
      05f0  00 00 00 00 00 00 00 00 00 00 00 00 00 00 00 00  ................
      0600  00 00 00 00 00 00 00 00 00 00 00 00 00 00 00 00  ................
      0610  00 00 00 00 00 00 00 00 00 00 00 00 00 00 00 00  ................
      0620  00 00 00 00 00 00 00 00 00 00 00 00 00 00 00 00  ................
      0630  00 00 00 00 00 00 00 00 00 00 00 00 00 00 00 00  ................
      0640  00 00 00 00 00 00 00 00 00 00 00 00 00 00 00 00  ................
      0650  00 00 00 00 00 00 00 00 00 00 00 00 00 00 00 00  ................
      0660  00 00 00 00 00 00 00 00 00 00 00 00 00 00 00 00  ................
      0670  00 00 00 00 00 00 00 00 00 00 00 00 00 00 00 00  ................
      0680  00 00 00 00 00 00 00 00 00 00 00 00 00 00 00 00  ................
      0690  00 00 00 00 00 00 00 00 00 00 00 00 00 00 00 00  ................
      06a0  00 00 00 00 00 00 00 00 00 00 00 00 00 00 00 00  ................
      06b0  00 00 00 00 00 00 00 00 00 00 00 00 00 00 00 00  ................
      06c0  00 00 00 00 00 00 00 00 00 00 00 00 00 00 00 00  ................
      06d0  00 00 00 00 00 00 00 00 00 00 00 00 00 00 00 00  ................
      06e0  00 00 00 00 00 00 00 00 00 00 00 00 00 00 00 00  ................
      06f0  00 00 00 00 00 00 00 00 00 00 00 00 00 00 00 00  ................
      0700  00 00 00 00 00 00 00 00 00 00 00 00 00 00 00 00  ................
      0710  00 00 00 00 00 00 00 00 00 00 00 00 00 00 00 00  ................
      0720  00 00 00 00 00 00 00 00 00 00 00 00 00 00 00 00  ................
      0730  00 00 00 00 00 00 00 00 00 00 00 00 00 00 00 00  ................
      0740  00 00 00 00 00 00 00 00 00 00 00 00 00 00 00 00  ................
      0750  00 00 00 00 00 00 00 00 00 00 00 00 00 00 00 00  ................
      0760  00 00 00 00 00 00 00 00 00 00 00 00 00 00 00 00  ................
      0770  00 00 00 00 00 00 00 00 00 00 00 00 00 00 00 00  ................
      0780  00 00 00 00 00 00 00 00 00 00 00 00 00 00 00 00  ................
      0790  00 00 00 00 00 00 00 00 00 00 00 00 00 00 00 00  ................
      07a0  00 00 00 00 00 00 00 00 00 00 00 00 00 00 00 00  ................
      07b0  00 00 00 00 00 00 00 00 00 00 00 00 00 00 00 00  ................
      07c0  00 00 00 00 00 00 00 00 00 00 00 00 00 00 00 00  ................
      07d0  00 00 00 00 00 00 00 00 00 00 00 00 00 00 00 00  ................
      07e0  00 00 00 00 00 00 00 00 00 00 00 00 00 00 00 00  ................
      07f0  00 00 00 00 00 00 00 00 00 00 00 00 00 00 00 00  ................
      0800  00 00 00 00 00 00 00 00 00 00 00 00 00 00 00 00  ................
      0810  00 00 00 00 00 00 00 00 00 00 00 00 00 00 00 00  ................
      0820  00 00 00 00 00 00 00 00 00 00 00 00 00 00 00 00  ................
      0830  00 00 00 00 00 00 00 00 00 00 00 00 00 00 00 00  ................
      0840  00 00 00 00 00 00 00 00 00 00 00 00 00 00 00 00  ................
      0850  00 00 00 00 00 00 00 00 00 00 00 00 00 00 00 00  ................
      0860  00 00 00 00 00 00 00 00 00 00 00 00 00 00 00 00  ................
      0870  00 00 00 00 00 00 00 00 00 00 00 00 00 00 00 00  ................
      0880  00 00 00 00 00 00 00 00 00 00 00 00 00 00 00 00  ................
      0890  00 00 00 00 00 00 00 00 00 00 00 00 00 00 00 00  ................
      08a0  00 00 00 00 00 00 00 00 00 00 00 00 00 00 00 00  ................
      08b0  00 00 00 00 00 00 00 00 00 00 00 00 00 00 00 00  ................
      08c0  00 00 00 00 00 00 00 00 00 00 00 00 00 00 00 00  ................
      08d0  00 00 00 00 00 00 00 00 00 00 00 00 00 00 00 00  ................
      08e0  00 00 00 00 00 00 00 00 00 00 00 00 00 00 00 00  ................
      08f0  00 00 00 00 00 00 00 00 00 00 00 00 00 00 00 00  ................
      0900  00 00 00 00 00 00 00 00 00 00 00 00 00 00 00 00  ................
      0910  00 00 00 00 00 00 00 00 00 00 00 00 00 00 00 00  ................
      0920  00 00 00 00 00 00 00 00 00 00 00 00 00 00 00 00  ................
      0930  00 00 00 00 00 00 00 00 00 00 00 00 00 00 00 00  ................
      0940  00 00 00 00 00 00 00 00 00 00 00 00 00 00 00 00  ................
      0950  00 00 00 00 00 00 00 00 00 00 00 00 00 00 00 00  ................
      0960  00 00 00 00 00 00 00 00 00 00 00 00 00 00 00 00  ................
      0970  00 00 00 00 00 00 00 00 00 00 00 00 00 00 00 00  ................
      0980  00 00 00 00 00 00 00 00 00 00 00 00 00 00 00 00  ................
      0990  00 00 00 00 00 00 00 00 00 00 00 00 00 00 00 00  ................
      09a0  00 00 00 00 00 00 00 00 00 00 00 00 00 00 00 00  ................
      09b0  00 00 00 00 00 00 00 00 00 00 00 00 00 00 00 00  ................
      09c0  00 00 00 00 00 00 00 00 00 00 00 00 00 00 00 00  ................
      09d0  00 00 00 00 00 00 00 00 00 00 00 00 00 00 00 00  ................
      09e0  00 00 00 00 00 00 00 00 00 00 00 00 00 00 00 00  ................
      09f0  00 00 00 00 00 00 00 00 00 00 00 00 00 00 00 00  ................
      0a00  00 00 00 00 00 00 00 00 00 00 00 00 00 00 00 00  ................
      0a10  00 00 00 00 00 00 00 00 00 00 00 00 00 00 00 00  ................
      0a20  00 00 00 00 00 00 00 00 00 00 00 00 00 00 00 00  ................
      0a30  00 00 00 00 00 00 00 00 00 00 00 00 00 00 00 00  ................
      0a40  00 00 00 00 00 00 00 00 00 00 00 00 00 00 00 00  ................
      0a50  00 00 00 00 00 00 00 00 00 00 00 00 00 00 00 00  ................
      0a60  00 00 00 00 00 00 00 00 00 00 00 00 00 00 00 00  ................
      0a70  00 00 00 00 00 00 00 00 00 00 00 00 00 00 00 00  ................
      0a80  00 00 00 00 00 00 00 00 00 00 00 00 00 00 00 00  ................
      0a90  00 00 00 00 00 00 00 00 00 00 00 00 00 00 00 00  ................
      0aa0  00 00 00 00 00 00 00 00 00 00 00 00 00 00 00 00  ................
      0ab0  00 00 00 00 00 00 00 00 00 00 00 00 00 00 00 00  ................
      0ac0  00 00 00 00 00 00 00 00 00 00 00 00 00 00 00 00  ................
      0ad0  00 00 00 00 00 00 00 00 00 00 00 00 00 00 00 00  ................
      0ae0  00 00 00 00 00 00 00 00 00 00 00 00 00 00 00 00  ................
      0af0  00 00 00 00 00 00 00 00 00 00 00 00 00 00 00 00  ................
      0b00  00 00 00 00 00 00 00 00 00 00 00 00 00 00 00 00  ................
      0b10  00 00 00 00 00 00 00 00 00 00 00 00 00 00 00 00  ................
      0b20  00 00 00 00 00 00 00 00 00 00 00 00 00 00 00 00  ................
      0b30  00 00 00 00 00 00 00 00 00 00 00 00 00 00 00 00  ................
      0b40  00 00 00 00 00 00 00 00 00 00 00 00 00 00 00 00  ................
      0b50  00 00 00 00 00 00 00 00 00 00 00 00 00 00 00 00  ................
      0b60  00 00 00 00 00 00 00 00 00 00 00 00 00 00 00 00  ................
      0b70  00 00 00 00 00 00 00 00 00 00 00 00 00 00 00 00  ................
      0b80  00 00 00 00 00 00 00 00 00 00 00 00 00 00 00 00  ................
      0b90  00 00 00 00 00 00 00 00 00 00 00 00 00 00 00 00  ................
      0ba0  00 00 00 00 00 00 00 00 00 00 00 00 00 00 00 00  ................
      0bb0  00 00 00 00 00 00 00 00 00 00 00 00 00 00 00 00  ................
      0bc0  00 00 00 00 00 00 00 00 00 00 00 00 00 00 00 00  ................
      0bd0  00 00 00 00 00 00 00 00 00 00 00 00 00 00 00 00  ................
      0be0  00 00 00 00 00 00 00 00 00 00 00 00 00 00 00 00  ................
      0bf0  00 00 00 00 00 00 00 00 00 00 00 00 00 00 00 00  ................
      0c00  00 00 00 00 00 00 00 00 00 00 00 00 00 00 00 00  ................
      0c10  00 00 00 00 00 00 00 00 00 00 00 00 00 00 00 00  ................
      0c20  00 00 00 00 00 00 00 00 00 00 00 00 00 00 00 00  ................
      0c30  00 00 00 00 00 00 00 00 00 00 00 00 00 00 00 00  ................
      0c40  00 00 00 00 00 00 00 00 00 00 00 00 00 00 00 00  ................
      0c50  00 00 00 00 00 00 00 00 00 00 00 00 00 00 00 00  ................
      0c60  00 00 00 00 00 00 00 00 00 00 00 00 00 00 00 00  ................
      0c70  00 00 00 00 00 00 00 00 00 00 00 00 00 00 00 00  ................
      0c80  00 00 00 00 00 00 00 00 00 00 00 00 00 00 00 00  ................
      0c90  00 00 00 00 00 00 00 00 00 00 00 00 00 00 00 00  ................
      0ca0  00 00 00 00 00 00 00 00 00 00 00 00 00 00 00 00  ................
      0cb0  00 00 00 00 00 00 00 00 00 00 00 00 00 00 00 00  ................
      0cc0  00 00 00 00 00 00 00 00 00 00 00 00 00 00 00 00  ................
      0cd0  00 00 00 00 00 00 00 00 00 00 00 00 00 00 00 00  ................
      0ce0  00 00 00 00 00 00 00 00 00 00 00 00 00 00 00 00  ................
      0cf0  00 00 00 00 00 00 00 00 00 00 00 00 00 00 00 00  ................
      0d00  00 00 00 00 00 00 00 00 00 00 00 00 00 00 00 00  ................
      0d10  00 00 00 00 00 00 00 00 00 00 00 00 00 00 00 00  ................
      0d20  00 00 00 00 00 00 00 00 00 00 00 00 00 00 00 00  ................
      0d30  00 00 00 00 00 00 00 00 00 00 00 00 00 00 00 00  ................
      0d40  00 00 00 00 00 00 00 00 00 00 00 00 00 00 00 00  ................
      0d50  00 00 00 00 00 00 00 00 00 00 00 00 00 00 00 00  ................
      0d60  00 00 00 00 00 00 00 00 00 00 00 00 00 00 00 00  ................
      0d70  00 00 00 00 00 00 00 00 00 00 00 00 00 00 00 00  ................
      0d80  00 00 00 00 00 00 00 00 00 00 00 00 00 00 00 00  ................
      0d90  00 00 00 00 00 00 00 00 00 00 00 00 00 00 00 00  ................
      0da0  00 00 00 00 00 00 00 00 00 00 00 00 00 00 00 00  ................
      0db0  00 00 00 00 00 00 00 00 00 00 00 00 00 00 00 00  ................
      0dc0  00 00 00 00 00 00 00 00 00 00 00 00 00 00 00 00  ................
      0dd0  00 00 00 00 00 00 00 00 00 00 00 00 00 00 00 00  ................
      0de0  00 00 00 00 00 00 00 00 00 00 00 00 00 00 00 00  ................
      0df0  00 00 00 00 00 00 00 00 00 00 00 00 00 00 00 00  ................
      0e00  00 00 00 00 00 00 00 00 00 00 00 00 00 00 00 00  ................
      0e10  00 00 00 00 00 00 00 00 00 00 00 00 00 00 00 00  ................
      0e20  00 00 00 00 00 00 00 00 00 00 00 00 00 00 00 00  ................
      0e30  00 00 00 00 00 00 00 00 00 00 00 00 00 00 00 00  ................
      0e40  00 00 00 00 00 00 00 00 00 00 00 00 00 00 00 00  ................
      0e50  00 00 00 00 00 00 00 00 00 00 00 00 00 00 00 00  ................
      0e60  00 00 00 00 00 00 00 00 00 00 00 00 00 00 00 00  ................
      0e70  00 00 00 00 00 00 00 00 00 00 00 00 00 00 00 00  ................
      0e80  00 00 00 00 00 00 00 00 00 00 00 00 00 00 00 00  ................
      0e90  00 00 00 00 00 00 00 00 00 00 00 00 00 00 00 00  ................
      0ea0  00 00 00 00 00 00 00 00 00 00 00 00 00 00 00 00  ................
      0eb0  00 00 00 00 00 00 00 00 00 00 00 00 00 00 00 00  ................
      0ec0  00 00 00 00 00 00 00 00 00 00 00 00 00 00 00 00  ................
      0ed0  00 00 00 00 00 00 00 00 00 00 00 00 00 00 00 00  ................
      0ee0  00 00 00 00 00 00 00 00 00 00 00 00 00 00 00 00  ................
      0ef0  00 00 00 00 00 00 00 00 00 00 00 00 00 00 00 00  ................
      0f00  00 00 00 00 00 00 00 00 00 00 00 00 00 00 00 00  ................
      0f10  00 00 00 00 00 00 00 00 00 00 00 00 00 00 00 00  ................
      0f20  00 00 00 00 00 00 00 00 00 00 00 00 00 00 00 00  ................
      0f30  00 00 00 00 00 00 00 00 00 00 00 00 00 00 00 00  ................
      0f40  00 00 00 00 00 00 00 00 00 00 00 00 00 00 00 00  ................
      0f50  00 00 00 00 00 00 00 00 00 00 00 00 00 00 00 00  ................
      0f60  00 00 00 00 00 00 00 00 00 00 00 00 00 00 00 00  ................
      0f70  00 00 00 00 00 00 00 00 00 00 00 00 00 00 00 00  ................
      0f80  00 00 00 00 00 00 00 00 00 00 00 00 00 00 00 00  ................
      0f90  00 00 00 00 00 00 00 00 00 00 00 00 00 00 00 00  ................
      0fa0  00 00 00 00 00 00 00 00 00 00 00 00 00 00 00 00  ................
      0fb0  00 00 00 00 00 00 00 00 00 00 00 00 00 00 00 00  ................
      0fc0  00 00 00 00 00 00 00 00 00 00 00 00 00 00 00 00  ................
      0fd0  00 00 00 00 00 00 00 00 00 00 00 00 00 00 00 00  ................
      0fe0  00 00 00 00 00 00 00 00 00 00 00 00 00 00 00 00  ................
      0ff0  00 00 00 00 00 00 00 00 00 00 00 00 00 00 00 00  ................
      1000  00 00 00 00 00 00 00 00 00 00 00 00 00 00 00 00  ................
      1010  00 00 00 00 00 00 00 00 00 00 00 00 00 00 00 00  ................
      1020  00 00 00 00 00 00 00 00 00 00 00 00 00 00 00 00  ................
      1030  00 00 00 00 00 00 00 00 00 00 00 00 00 00 00 00  ................
      1040  00 00 00 00 00 00 00 00 00 00 00 00 00 00 00 00  ................
      1050  00 00 00 00 00 00 00 00 00 00 00 00 00 00 00 00  ................
      1060  00 00 00 00 00 00 00 00 00 00 00 00              ............
>> 0x68 capture_cancel (56 bytes)
<< 0x68 status=0x00 (44 bytes)
>> 0x6d enroll_discard (56 bytes)
<< 0x6d status=0x00 (44 bytes)
>> 0x04 close (56 bytes)
<< 0x04 status=0x00 (44 bytes)
#### 2026-10-02 12:02:58 --log ~/projects/cv2-fingerprint/cvtool.log enroll
>> 0x02 open (96 bytes)
      0000  01 00 00 00 60 00 00 00 02 00 40 04 02 00 00 00  ....`.....@.....
      0010  00 00 00 00 00 00 00 00 00 00 00 00 00 00 00 00  ................
      0020  00 00 00 00 00 00 00 00 34 00 00 00 00 00 00 00  ........4.......
      0030  04 00 00 00 44 00 00 00 01 00 00 00 07 00 00 00  ....D...........
      0040  6d 79 41 70 70 49 44 00 01 00 00 00 08 00 00 00  myAppID.........
      0050  6d 79 55 73 65 72 49 44 01 00 00 00 00 00 00 00  myUserID........
<< 0x02 status=0x00 (56 bytes)
      0000  01 00 00 00 38 00 00 00 02 00 40 05 02 00 00 00  ....8.....@.....
      0010  8c 9c 01 14 00 00 00 00 00 00 00 00 00 00 00 00  ................
      0020  00 00 00 00 00 00 00 00 0c 00 00 00 00 00 00 00  ................
      0030  04 00 00 00 8c 9c 01 14                          ........
   session handle = 0x14019c8c
>> 0x8a enrollment_started (56 bytes)
<< 0x8a status=0x00 (44 bytes)

== enrollment: press and lift fully each time ==
>> 0x66 capture_start (80 bytes)
<< 0x66 status=0x00 (72 bytes)
>> 0x6c enroll_update (92 bytes)
<< 0x6c status=0x00 (96 bytes)
   sample #1 accepted, done=0
>> 0x66 capture_start (80 bytes)
<< 0x66 status=0x00 (72 bytes)
>> 0x6c enroll_update (92 bytes)
<< 0x6c status=0x00 (96 bytes)
   sample #2 accepted, done=0
>> 0x66 capture_start (80 bytes)
<< 0x66 status=0x00 (72 bytes)
   no finger within 30 s, giving up
   accepted=2 rejected=0
   enrollment did not complete; discarding
>> 0x68 capture_cancel (56 bytes)
<< 0x68 status=0x00 (44 bytes)
>> 0x6d enroll_discard (56 bytes)
<< 0x6d status=0x00 (44 bytes)
>> 0x04 close (56 bytes)
<< 0x04 status=0x00 (44 bytes)
#### 2026-10-02 12:04:16 --log ~/projects/cv2-fingerprint/cvtool.log enroll
>> 0x02 open (96 bytes)
      0000  01 00 00 00 60 00 00 00 02 00 40 04 02 00 00 00  ....`.....@.....
      0010  00 00 00 00 00 00 00 00 00 00 00 00 00 00 00 00  ................
      0020  00 00 00 00 00 00 00 00 34 00 00 00 00 00 00 00  ........4.......
      0030  04 00 00 00 44 00 00 00 01 00 00 00 07 00 00 00  ....D...........
      0040  6d 79 41 70 70 49 44 00 01 00 00 00 08 00 00 00  myAppID.........
      0050  6d 79 55 73 65 72 49 44 01 00 00 00 00 00 00 00  myUserID........
<< 0x02 status=0x00 (56 bytes)
      0000  01 00 00 00 38 00 00 00 02 00 40 05 02 00 00 00  ....8.....@.....
      0010  8c 9c 01 14 00 00 00 00 00 00 00 00 00 00 00 00  ................
      0020  00 00 00 00 00 00 00 00 0c 00 00 00 00 00 00 00  ................
      0030  04 00 00 00 8c 9c 01 14                          ........
   session handle = 0x14019c8c
>> 0x8a enrollment_started (56 bytes)
<< 0x8a status=0x00 (44 bytes)

== enrollment: press and lift fully each time ==
>> 0x66 capture_start (80 bytes)
<< 0x66 status=0x85 (44 bytes)
      0000  01 00 00 00 2c 00 00 00 66 00 42 05 02 00 00 00  ....,...f.B.....
      0010  8c 9c 01 14 85 00 00 00 00 00 00 00 00 00 00 00  ................
      0020  00 00 00 00 00 00 00 00 00 00 00 00              ............
>> 0x68 capture_cancel (56 bytes)
<< 0x68 status=0x00 (44 bytes)
>> 0x66 capture_start (80 bytes)
<< 0x66 status=0x00 (72 bytes)
>> 0x6c enroll_update (92 bytes)
<< 0x6c status=0x00 (96 bytes)
   sample #1 accepted, done=0
>> 0x66 capture_start (80 bytes)
<< 0x66 status=0x00 (72 bytes)
>> 0x6c enroll_update (92 bytes)
<< 0x6c status=0x00 (96 bytes)
   sample #2 accepted, done=0
>> 0x66 capture_start (80 bytes)
<< 0x66 status=0x00 (72 bytes)
>> 0x6c enroll_update (92 bytes)
<< 0x6c status=0x00 (96 bytes)
   sample #3 accepted, done=0
>> 0x66 capture_start (80 bytes)
<< 0x66 status=0x00 (72 bytes)
>> 0x6c enroll_update (92 bytes)
<< 0x6c status=0x00 (96 bytes)
   sample #4 accepted, done=1
   accepted=4 rejected=0
   result ID = 4002a2b9a33eb3baf205ab023036ae8c2f84d66d

== commit variant: p3..p5 = "2:0 2:0 3:0" ==
>> 0x6e enroll_commit (108 bytes)
      0000  01 00 00 00 6c 00 00 00 6e 00 40 04 02 00 00 00  ....l...n.@.....
      0010  8c 9c 01 14 00 00 00 00 00 00 00 00 00 00 00 00  ................
      0020  00 00 00 00 00 00 00 00 40 00 00 00 00 00 00 00  ........@.......
      0030  04 00 00 00 8c 9c 01 14 00 00 00 00 14 00 00 00  ................
      0040  40 02 a2 b9 a3 3e b3 ba f2 05 ab 02 30 36 ae 8c  @....>......06..
      0050  2f 84 d6 6d 02 00 00 00 00 00 00 00 02 00 00 00  /..m............
      0060  00 00 00 00 03 00 00 00 00 00 00 00              ............
<< 0x6e status=0x00 (65 bytes)
      0000  01 00 00 00 40 00 00 00 6e 00 40 05 02 00 00 00  ....@...n.@.....
      0010  8c 9c 01 14 00 00 00 00 00 00 00 00 00 00 00 00  ................
      0020  00 00 00 00 00 00 00 00 14 00 00 00 03 00 00 00  ................
      0030  00 00 00 00 00 00 00 00 04 00 00 00 2f 62 36 00  ............/b6.
      0040  00                                               .
   *** COMMIT ACCEPTED with "2:0 2:0 3:0" ***
   out param 0: kind=3 len=0 
   out param 1: kind=0 len=4 2f623600
   *** TEMPLATE HANDLE = 0036622f ***
>> 0x68 capture_cancel (56 bytes)
<< 0x68 status=0x00 (44 bytes)
>> 0x04 close (56 bytes)
<< 0x04 status=0x00 (44 bytes)
#### 2026-10-02 12:05:45 --log ~/projects/cv2-fingerprint/cvtool.log enroll
>> 0x02 open (96 bytes)
      0000  01 00 00 00 60 00 00 00 02 00 40 04 02 00 00 00  ....`.....@.....
      0010  00 00 00 00 00 00 00 00 00 00 00 00 00 00 00 00  ................
      0020  00 00 00 00 00 00 00 00 34 00 00 00 00 00 00 00  ........4.......
      0030  04 00 00 00 44 00 00 00 01 00 00 00 07 00 00 00  ....D...........
      0040  6d 79 41 70 70 49 44 00 01 00 00 00 08 00 00 00  myAppID.........
      0050  6d 79 55 73 65 72 49 44 01 00 00 00 00 00 00 00  myUserID........
<< 0x02 status=0x00 (56 bytes)
      0000  01 00 00 00 38 00 00 00 02 00 40 05 02 00 00 00  ....8.....@.....
      0010  8c 9c 01 14 00 00 00 00 00 00 00 00 00 00 00 00  ................
      0020  00 00 00 00 00 00 00 00 0c 00 00 00 00 00 00 00  ................
      0030  04 00 00 00 8c 9c 01 14                          ........
   session handle = 0x14019c8c
>> 0x8a enrollment_started (56 bytes)
<< 0x8a status=0x00 (44 bytes)

== enrollment: press and lift fully each time ==
>> 0x66 capture_start (80 bytes)
<< 0x66 status=0x85 (44 bytes)
      0000  01 00 00 00 2c 00 00 00 66 00 42 05 02 00 00 00  ....,...f.B.....
      0010  8c 9c 01 14 85 00 00 00 00 00 00 00 00 00 00 00  ................
      0020  00 00 00 00 00 00 00 00 00 00 00 00              ............
>> 0x68 capture_cancel (56 bytes)
<< 0x68 status=0x00 (44 bytes)
>> 0x66 capture_start (80 bytes)
<< 0x66 status=0x00 (72 bytes)
>> 0x6c enroll_update (92 bytes)
<< 0x6c status=0x00 (96 bytes)
   sample #1 accepted, done=0
>> 0x66 capture_start (80 bytes)
<< 0x66 status=0x00 (72 bytes)
>> 0x6c enroll_update (92 bytes)
<< 0x6c status=0x00 (96 bytes)
   sample #2 accepted, done=0
>> 0x66 capture_start (80 bytes)
<< 0x66 status=0x00 (72 bytes)
>> 0x6c enroll_update (92 bytes)
<< 0x6c status=0x00 (96 bytes)
   sample #3 accepted, done=0
>> 0x66 capture_start (80 bytes)
<< 0x66 status=0x00 (72 bytes)
>> 0x6c enroll_update (92 bytes)
<< 0x6c status=0x00 (96 bytes)
   sample #4 accepted, done=1
   accepted=4 rejected=0
   result ID = d9a79e8676a270701497d6ecd0ecc9fe37227cfe

== commit variant: p3..p5 = "2:0 2:0 3:0" ==
>> 0x6e enroll_commit (108 bytes)
      0000  01 00 00 00 6c 00 00 00 6e 00 40 04 02 00 00 00  ....l...n.@.....
      0010  8c 9c 01 14 00 00 00 00 00 00 00 00 00 00 00 00  ................
      0020  00 00 00 00 00 00 00 00 40 00 00 00 00 00 00 00  ........@.......
      0030  04 00 00 00 8c 9c 01 14 00 00 00 00 14 00 00 00  ................
      0040  d9 a7 9e 86 76 a2 70 70 14 97 d6 ec d0 ec c9 fe  ....v.pp........
      0050  37 22 7c fe 02 00 00 00 00 00 00 00 02 00 00 00  7"|.............
      0060  00 00 00 00 03 00 00 00 00 00 00 00              ............
<< 0x6e status=0x00 (65 bytes)
      0000  01 00 00 00 40 00 00 00 6e 00 40 05 02 00 00 00  ....@...n.@.....
      0010  8c 9c 01 14 00 00 00 00 00 00 00 00 00 00 00 00  ................
      0020  00 00 00 00 00 00 00 00 14 00 00 00 03 00 00 00  ................
      0030  00 00 00 00 00 00 00 00 04 00 00 00 1c 83 5b 00  ..............[.
      0040  00                                               .
   *** COMMIT ACCEPTED with "2:0 2:0 3:0" ***
   out param 0: kind=3 len=0 
   out param 1: kind=0 len=4 1c835b00
   *** TEMPLATE HANDLE = 005b831c ***
>> 0x68 capture_cancel (56 bytes)
<< 0x68 status=0x00 (44 bytes)
>> 0x04 close (56 bytes)
<< 0x04 status=0x00 (44 bytes)
#### 2026-10-02 12:06:33 --log ~/projects/cv2-fingerprint/cvtool.log match --handles 0036622f,005b831c --presses 3
>> 0x02 open (96 bytes)
      0000  01 00 00 00 60 00 00 00 02 00 40 04 02 00 00 00  ....`.....@.....
      0010  00 00 00 00 00 00 00 00 00 00 00 00 00 00 00 00  ................
      0020  00 00 00 00 00 00 00 00 34 00 00 00 00 00 00 00  ........4.......
      0030  04 00 00 00 44 00 00 00 01 00 00 00 07 00 00 00  ....D...........
      0040  6d 79 41 70 70 49 44 00 01 00 00 00 08 00 00 00  myAppID.........
      0050  6d 79 55 73 65 72 49 44 01 00 00 00 00 00 00 00  myUserID........
<< 0x02 status=0x00 (56 bytes)
      0000  01 00 00 00 38 00 00 00 02 00 40 05 02 00 00 00  ....8.....@.....
      0010  8c 9c 01 14 00 00 00 00 00 00 00 00 00 00 00 00  ................
      0020  00 00 00 00 00 00 00 00 0c 00 00 00 00 00 00 00  ................
      0030  04 00 00 00 8c 9c 01 14                          ........
   session handle = 0x14019c8c

== match against 0x0036622f, 0x005b831c ==
>> 0x66 capture_start (80 bytes)
<< 0x66 status=0x85 (44 bytes)
      0000  01 00 00 00 2c 00 00 00 66 00 42 05 02 00 00 00  ....,...f.B.....
      0010  8c 9c 01 14 85 00 00 00 00 00 00 00 00 00 00 00  ................
      0020  00 00 00 00 00 00 00 00 00 00 00 00              ............
>> 0x68 capture_cancel (56 bytes)
<< 0x68 status=0x00 (44 bytes)
>> 0x66 capture_start (80 bytes)
<< 0x66 status=0x00 (72 bytes)
>> 0x2f match (108 bytes)
      0000  01 00 00 00 6c 00 00 00 2f 00 42 04 02 00 00 00  ....l.../.B.....
      0010  8c 9c 01 14 00 00 00 00 00 00 00 00 00 00 00 00  ................
      0020  00 00 00 00 00 00 00 00 40 00 00 00 00 00 00 00  ........@.......
      0030  04 00 00 00 8c 9c 01 14 00 00 00 00 04 00 00 00  ................
      0040  48 00 00 00 00 00 00 00 04 00 00 00 e2 53 00 00  H............S..
      0050  00 00 00 00 04 00 00 00 00 00 00 00 02 00 00 00  ................
      0060  08 00 00 00 2f 62 36 00 1c 83 5b 00              ..../b6...[.
<< 0x2f status=0x00 (68 bytes)
      0000  01 00 00 00 44 00 00 00 2f 00 42 05 02 00 00 00  ....D.../.B.....
      0010  8c 9c 01 14 00 00 00 00 00 00 00 00 00 00 00 00  ................
      0020  00 00 00 00 00 00 00 00 18 00 00 00 00 00 00 00  ................
      0030  04 00 00 00 01 00 00 00 00 00 00 00 04 00 00 00  ................
      0040  2f 62 36 00                                      /b6.
   press 1: match=1 handle=0x0036622f
>> 0x68 capture_cancel (56 bytes)
<< 0x68 status=0x00 (44 bytes)
>> 0x66 capture_start (80 bytes)
<< 0x66 status=0x00 (72 bytes)
>> 0x2f match (108 bytes)
      0000  01 00 00 00 6c 00 00 00 2f 00 42 04 02 00 00 00  ....l.../.B.....
      0010  8c 9c 01 14 00 00 00 00 00 00 00 00 00 00 00 00  ................
      0020  00 00 00 00 00 00 00 00 40 00 00 00 00 00 00 00  ........@.......
      0030  04 00 00 00 8c 9c 01 14 00 00 00 00 04 00 00 00  ................
      0040  48 00 00 00 00 00 00 00 04 00 00 00 e2 53 00 00  H............S..
      0050  00 00 00 00 04 00 00 00 00 00 00 00 02 00 00 00  ................
      0060  08 00 00 00 2f 62 36 00 1c 83 5b 00              ..../b6...[.
<< 0x2f status=0x00 (68 bytes)
      0000  01 00 00 00 44 00 00 00 2f 00 42 05 02 00 00 00  ....D.../.B.....
      0010  8c 9c 01 14 00 00 00 00 00 00 00 00 00 00 00 00  ................
      0020  00 00 00 00 00 00 00 00 18 00 00 00 00 00 00 00  ................
      0030  04 00 00 00 01 00 00 00 00 00 00 00 04 00 00 00  ................
      0040  1c 83 5b 00                                      ..[.
   press 2: match=1 handle=0x005b831c
>> 0x68 capture_cancel (56 bytes)
<< 0x68 status=0x00 (44 bytes)
>> 0x66 capture_start (80 bytes)
<< 0x66 status=0x00 (72 bytes)
>> 0x2f match (108 bytes)
      0000  01 00 00 00 6c 00 00 00 2f 00 42 04 02 00 00 00  ....l.../.B.....
      0010  8c 9c 01 14 00 00 00 00 00 00 00 00 00 00 00 00  ................
      0020  00 00 00 00 00 00 00 00 40 00 00 00 00 00 00 00  ........@.......
      0030  04 00 00 00 8c 9c 01 14 00 00 00 00 04 00 00 00  ................
      0040  48 00 00 00 00 00 00 00 04 00 00 00 e2 53 00 00  H............S..
      0050  00 00 00 00 04 00 00 00 00 00 00 00 02 00 00 00  ................
      0060  08 00 00 00 2f 62 36 00 1c 83 5b 00              ..../b6...[.
<< 0x2f status=0x00 (68 bytes)
      0000  01 00 00 00 44 00 00 00 2f 00 42 05 02 00 00 00  ....D.../.B.....
      0010  8c 9c 01 14 00 00 00 00 00 00 00 00 00 00 00 00  ................
      0020  00 00 00 00 00 00 00 00 18 00 00 00 00 00 00 00  ................
      0030  04 00 00 00 00 00 00 00 00 00 00 00 04 00 00 00  ................
      0040  00 00 00 00                                      ....
   press 3: match=0 handle=0x00000000
>> 0x68 capture_cancel (56 bytes)
<< 0x68 status=0x00 (44 bytes)
>> 0x68 capture_cancel (56 bytes)
<< 0x68 status=0x00 (44 bytes)
>> 0x04 close (56 bytes)
<< 0x04 status=0x00 (44 bytes)
#### 2026-10-02 12:07:37 --log ~/projects/cv2-fingerprint/cvtool.log delete --handles 0036622f,005b831c
>> 0x02 open (96 bytes)
      0000  01 00 00 00 60 00 00 00 02 00 40 04 02 00 00 00  ....`.....@.....
      0010  00 00 00 00 00 00 00 00 00 00 00 00 00 00 00 00  ................
      0020  00 00 00 00 00 00 00 00 34 00 00 00 00 00 00 00  ........4.......
      0030  04 00 00 00 44 00 00 00 01 00 00 00 07 00 00 00  ....D...........
      0040  6d 79 41 70 70 49 44 00 01 00 00 00 08 00 00 00  myAppID.........
      0050  6d 79 55 73 65 72 49 44 01 00 00 00 00 00 00 00  myUserID........
<< 0x02 status=0x00 (56 bytes)
      0000  01 00 00 00 38 00 00 00 02 00 40 05 02 00 00 00  ....8.....@.....
      0010  8c 9c 01 14 00 00 00 00 00 00 00 00 00 00 00 00  ................
      0020  00 00 00 00 00 00 00 00 0c 00 00 00 00 00 00 00  ................
      0030  04 00 00 00 8c 9c 01 14                          ........
   session handle = 0x14019c8c
>> 0x0a delete_template (76 bytes)
      0000  01 00 00 00 4c 00 00 00 0a 00 42 04 02 00 00 00  ....L.....B.....
      0010  8c 9c 01 14 00 00 00 00 00 00 00 00 00 00 00 00  ................
      0020  00 00 00 00 00 00 00 00 20 00 00 00 00 00 00 00  ........ .......
      0030  04 00 00 00 8c 9c 01 14 00 00 00 00 04 00 00 00  ................
      0040  2f 62 36 00 02 00 00 00 00 00 00 00              /b6.........
<< 0x0a status=0x00 (44 bytes)
      0000  01 00 00 00 2c 00 00 00 0a 00 42 05 02 00 00 00  ....,.....B.....
      0010  8c 9c 01 14 00 00 00 00 00 00 00 00 00 00 00 00  ................
      0020  00 00 00 00 00 00 00 00 00 00 00 00              ............
   delete 0x0036622f -> status 0x0
>> 0x0a delete_template (76 bytes)
      0000  01 00 00 00 4c 00 00 00 0a 00 42 04 02 00 00 00  ....L.....B.....
      0010  8c 9c 01 14 00 00 00 00 00 00 00 00 00 00 00 00  ................
      0020  00 00 00 00 00 00 00 00 20 00 00 00 00 00 00 00  ........ .......
      0030  04 00 00 00 8c 9c 01 14 00 00 00 00 04 00 00 00  ................
      0040  1c 83 5b 00 02 00 00 00 00 00 00 00              ..[.........
<< 0x0a status=0x00 (44 bytes)
      0000  01 00 00 00 2c 00 00 00 0a 00 42 05 02 00 00 00  ....,.....B.....
      0010  8c 9c 01 14 00 00 00 00 00 00 00 00 00 00 00 00  ................
      0020  00 00 00 00 00 00 00 00 00 00 00 00              ............
   delete 0x005b831c -> status 0x0
>> 0x04 close (56 bytes)
<< 0x04 status=0x00 (44 bytes)
#### 2026-10-02 17:13:30 --log ~/projects/cv2-research/cvtool.log version --flags 0x0440
>> 0x39 get_version (56 bytes)
<< 0x39 status=0x00 (848 bytes)
   flags 0x0440 -> status 0x0
   param kind 1, 796 bytes:
USH_CHIPID:05810211
USH_CHIP_SUB_VER:00000581
USH_REL_VER:01020000
USH_REL_UPGRADE_VER:00412015
USH_REL_BUILD_VER:00000000
USH_BOOT_CMD:58800100
USH_REBOOT_CNT:00000000
USH_SBI_MODE:00000000
USH_FLSHWR_CNT:00000000
USH_OTP_STATS:00000001
USH_CUST_ID:60000001
USH_CUST_REV:00000000
USH_SCD_ROM_VER:01010600
USH_CV_VER:01000235
USH_CCID_VER:00030101
USH_HID_VER:0000002c
USH_DP_VER_UPPER:00050000
USH_DP_VER_LOWER:000303e0
USH_RSA_VER:00000101
USH_IP_REVID:00000000
USH_PWR_IDLE_TIME:000493e0
USH_PWR_MODE:00000003
USH_USBD_PID:00005834
USH_SYS_ID:00000002
USH_FP_NEXT_SENSOR:00010a01
USH_FP_DP_SENSOR:00000000
USH_FP_SYNAPTICS_SENSOR:00000000
USH_AES_KEY_VALID:00000001
USH_BOARD_ID:bc000000
USH_IMG_STAT:00000000
USH_IMG_FLAGS:0000007e
USH_CUR_TICK:0000a286
USH_BUILD_TIME:Aug 18 2025 17:54:40

#### 2026-10-02 17:14:05 --log ~/projects/cv2-research/cvtool.log commit-noenroll
>> 0x02 open (96 bytes)
      0000  01 00 00 00 60 00 00 00 02 00 40 04 02 00 00 00  ....`.....@.....
      0010  00 00 00 00 00 00 00 00 00 00 00 00 00 00 00 00  ................
      0020  00 00 00 00 00 00 00 00 34 00 00 00 00 00 00 00  ........4.......
      0030  04 00 00 00 44 00 00 00 01 00 00 00 07 00 00 00  ....D...........
      0040  6d 79 41 70 70 49 44 00 01 00 00 00 08 00 00 00  myAppID.........
      0050  6d 79 55 73 65 72 49 44 01 00 00 00 00 00 00 00  myUserID........
<< 0x02 status=0x00 (56 bytes)
      0000  01 00 00 00 38 00 00 00 02 00 40 05 02 00 00 00  ....8.....@.....
      0010  8c 9c 01 14 00 00 00 00 00 00 00 00 00 00 00 00  ................
      0020  00 00 00 00 00 00 00 00 0c 00 00 00 00 00 00 00  ................
      0030  04 00 00 00 8c 9c 01 14                          ........
   session handle = 0x14019c8c

== commit with NO enrollment in progress (zero token, stock tail) ==
>> 0x6e enroll_commit (108 bytes)
      0000  01 00 00 00 6c 00 00 00 6e 00 40 04 02 00 00 00  ....l...n.@.....
      0010  8c 9c 01 14 00 00 00 00 00 00 00 00 00 00 00 00  ................
      0020  00 00 00 00 00 00 00 00 40 00 00 00 00 00 00 00  ........@.......
      0030  04 00 00 00 8c 9c 01 14 00 00 00 00 14 00 00 00  ................
      0040  00 00 00 00 00 00 00 00 00 00 00 00 00 00 00 00  ................
      0050  00 00 00 00 02 00 00 00 00 00 00 00 02 00 00 00  ................
      0060  00 00 00 00 03 00 00 00 00 00 00 00              ............
<< 0x6e status=0x8d (44 bytes)
      0000  01 00 00 00 2c 00 00 00 6e 00 40 05 02 00 00 00  ....,...n.@.....
      0010  8c 9c 01 14 8d 00 00 00 00 00 00 00 00 00 00 00  ................
      0020  00 00 00 00 00 00 00 00 00 00 00 00              ............

== commit with NO enrollment in progress (random token, stock tail) ==
>> 0x6e enroll_commit (108 bytes)
      0000  01 00 00 00 6c 00 00 00 6e 00 40 04 02 00 00 00  ....l...n.@.....
      0010  8c 9c 01 14 00 00 00 00 00 00 00 00 00 00 00 00  ................
      0020  00 00 00 00 00 00 00 00 40 00 00 00 00 00 00 00  ........@.......
      0030  04 00 00 00 8c 9c 01 14 00 00 00 00 14 00 00 00  ................
      0040  b4 83 6f 4f 08 d3 3a f0 51 53 ac d2 30 29 fc 4c  ..oO..:.QS..0).L
      0050  d0 c7 83 8f 02 00 00 00 00 00 00 00 02 00 00 00  ................
      0060  00 00 00 00 03 00 00 00 00 00 00 00              ............
<< 0x6e status=0x8d (44 bytes)
      0000  01 00 00 00 2c 00 00 00 6e 00 40 05 02 00 00 00  ....,...n.@.....
      0010  8c 9c 01 14 8d 00 00 00 00 00 00 00 00 00 00 00  ................
      0020  00 00 00 00 00 00 00 00 00 00 00 00              ............
>> 0x68 capture_cancel (56 bytes)
<< 0x68 status=0x00 (44 bytes)
>> 0x04 close (56 bytes)
<< 0x04 status=0x00 (44 bytes)
#### 2026-10-02 17:40:04 --log ~/projects/cv2-research/cvtool.log stale-probe --handles 00898718,00f537bd
>> 0x02 open (96 bytes)
      0000  01 00 00 00 60 00 00 00 02 00 40 04 02 00 00 00  ....`.....@.....
      0010  00 00 00 00 00 00 00 00 00 00 00 00 00 00 00 00  ................
      0020  00 00 00 00 00 00 00 00 34 00 00 00 00 00 00 00  ........4.......
      0030  04 00 00 00 44 00 00 00 01 00 00 00 07 00 00 00  ....D...........
      0040  6d 79 41 70 70 49 44 00 01 00 00 00 08 00 00 00  myAppID.........
      0050  6d 79 55 73 65 72 49 44 01 00 00 00 00 00 00 00  myUserID........
<< 0x02 status=0x00 (56 bytes)
      0000  01 00 00 00 38 00 00 00 02 00 40 05 02 00 00 00  ....8.....@.....
      0010  8c 9c 01 14 00 00 00 00 00 00 00 00 00 00 00 00  ................
      0020  00 00 00 00 00 00 00 00 0c 00 00 00 00 00 00 00  ................
      0030  04 00 00 00 8c 9c 01 14                          ........
   session handle = 0x14019c8c

== match with no capture pending (existence probe) ==
>> 0x68 capture_cancel (56 bytes)
<< 0x68 status=0x00 (44 bytes)
>> 0x2f match (104 bytes)
      0000  01 00 00 00 68 00 00 00 2f 00 42 04 02 00 00 00  ....h.../.B.....
      0010  8c 9c 01 14 00 00 00 00 00 00 00 00 00 00 00 00  ................
      0020  00 00 00 00 00 00 00 00 3c 00 00 00 00 00 00 00  ........<.......
      0030  04 00 00 00 8c 9c 01 14 00 00 00 00 04 00 00 00  ................
      0040  48 00 00 00 00 00 00 00 04 00 00 00 e2 53 00 00  H............S..
      0050  00 00 00 00 04 00 00 00 00 00 00 00 02 00 00 00  ................
      0060  04 00 00 00 18 87 89 00                          ........
<< 0x2f status=0x89 (44 bytes)
      0000  01 00 00 00 2c 00 00 00 2f 00 42 05 02 00 00 00  ....,.../.B.....
      0010  8c 9c 01 14 89 00 00 00 00 00 00 00 00 00 00 00  ................
      0020  00 00 00 00 00 00 00 00 00 00 00 00              ............
   0x00898718 -> status 0x89
>> 0x2f match (104 bytes)
      0000  01 00 00 00 68 00 00 00 2f 00 42 04 02 00 00 00  ....h.../.B.....
      0010  8c 9c 01 14 00 00 00 00 00 00 00 00 00 00 00 00  ................
      0020  00 00 00 00 00 00 00 00 3c 00 00 00 00 00 00 00  ........<.......
      0030  04 00 00 00 8c 9c 01 14 00 00 00 00 04 00 00 00  ................
      0040  48 00 00 00 00 00 00 00 04 00 00 00 e2 53 00 00  H............S..
      0050  00 00 00 00 04 00 00 00 00 00 00 00 02 00 00 00  ................
      0060  04 00 00 00 bd 37 f5 00                          .....7..
<< 0x2f status=0x89 (44 bytes)
      0000  01 00 00 00 2c 00 00 00 2f 00 42 05 02 00 00 00  ....,.../.B.....
      0010  8c 9c 01 14 89 00 00 00 00 00 00 00 00 00 00 00  ................
      0020  00 00 00 00 00 00 00 00 00 00 00 00              ............
   0x00f537bd -> status 0x89

== one capture, mixed list, then the valid handle alone ==
>> 0x66 capture_start (80 bytes)
<< 0x66 status=0x00 (72 bytes)
>> 0x2f match (108 bytes)
      0000  01 00 00 00 6c 00 00 00 2f 00 42 04 02 00 00 00  ....l.../.B.....
      0010  8c 9c 01 14 00 00 00 00 00 00 00 00 00 00 00 00  ................
      0020  00 00 00 00 00 00 00 00 40 00 00 00 00 00 00 00  ........@.......
      0030  04 00 00 00 8c 9c 01 14 00 00 00 00 04 00 00 00  ................
      0040  48 00 00 00 00 00 00 00 04 00 00 00 e2 53 00 00  H............S..
      0050  00 00 00 00 04 00 00 00 00 00 00 00 02 00 00 00  ................
      0060  08 00 00 00 18 87 89 00 bd 37 f5 00              .........7..
<< 0x2f status=0x1b (44 bytes)
      0000  01 00 00 00 2c 00 00 00 2f 00 42 05 02 00 00 00  ....,.../.B.....
      0010  8c 9c 01 14 1b 00 00 00 00 00 00 00 00 00 00 00  ................
      0020  00 00 00 00 00 00 00 00 00 00 00 00              ............
   0x00898718, 0x00f537bd -> status 0x1b
>> 0x2f match (104 bytes)
      0000  01 00 00 00 68 00 00 00 2f 00 42 04 02 00 00 00  ....h.../.B.....
      0010  8c 9c 01 14 00 00 00 00 00 00 00 00 00 00 00 00  ................
      0020  00 00 00 00 00 00 00 00 3c 00 00 00 00 00 00 00  ........<.......
      0030  04 00 00 00 8c 9c 01 14 00 00 00 00 04 00 00 00  ................
      0040  48 00 00 00 00 00 00 00 04 00 00 00 e2 53 00 00  H............S..
      0050  00 00 00 00 04 00 00 00 00 00 00 00 02 00 00 00  ................
      0060  04 00 00 00 18 87 89 00                          ........
<< 0x2f status=0x00 (68 bytes)
      0000  01 00 00 00 44 00 00 00 2f 00 42 05 02 00 00 00  ....D.../.B.....
      0010  8c 9c 01 14 00 00 00 00 00 00 00 00 00 00 00 00  ................
      0020  00 00 00 00 00 00 00 00 18 00 00 00 00 00 00 00  ................
      0030  04 00 00 00 01 00 00 00 00 00 00 00 04 00 00 00  ................
      0040  18 87 89 00                                      ....
   0x00898718 -> status 0x0 match=1 handle=0x00898718
>> 0x2f match (104 bytes)
      0000  01 00 00 00 68 00 00 00 2f 00 42 04 02 00 00 00  ....h.../.B.....
      0010  8c 9c 01 14 00 00 00 00 00 00 00 00 00 00 00 00  ................
      0020  00 00 00 00 00 00 00 00 3c 00 00 00 00 00 00 00  ........<.......
      0030  04 00 00 00 8c 9c 01 14 00 00 00 00 04 00 00 00  ................
      0040  48 00 00 00 00 00 00 00 04 00 00 00 e2 53 00 00  H............S..
      0050  00 00 00 00 04 00 00 00 00 00 00 00 02 00 00 00  ................
      0060  04 00 00 00 18 87 89 00                          ........
<< 0x2f status=0x00 (68 bytes)
      0000  01 00 00 00 44 00 00 00 2f 00 42 05 02 00 00 00  ....D.../.B.....
      0010  8c 9c 01 14 00 00 00 00 00 00 00 00 00 00 00 00  ................
      0020  00 00 00 00 00 00 00 00 18 00 00 00 00 00 00 00  ................
      0030  04 00 00 00 01 00 00 00 00 00 00 00 04 00 00 00  ................
      0040  18 87 89 00                                      ....
   0x00898718 -> status 0x0 match=1 handle=0x00898718
>> 0x68 capture_cancel (56 bytes)
<< 0x68 status=0x00 (44 bytes)
>> 0x04 close (56 bytes)
<< 0x04 status=0x00 (44 bytes)
#### 2026-10-02 21:02:23 --log ~/projects/cv2-research/cvtool.log capture-idle --presses 100
>> 0x02 open (96 bytes)
      0000  01 00 00 00 60 00 00 00 02 00 40 04 02 00 00 00  ....`.....@.....
      0010  00 00 00 00 00 00 00 00 00 00 00 00 00 00 00 00  ................
      0020  00 00 00 00 00 00 00 00 34 00 00 00 00 00 00 00  ........4.......
      0030  04 00 00 00 44 00 00 00 01 00 00 00 07 00 00 00  ....D...........
      0040  6d 79 41 70 70 49 44 00 01 00 00 00 08 00 00 00  myAppID.........
      0050  6d 79 55 73 65 72 49 44 01 00 00 00 00 00 00 00  myUserID........
<< 0x02 status=0x00 (56 bytes)
      0000  01 00 00 00 38 00 00 00 02 00 40 05 02 00 00 00  ....8.....@.....
      0010  8c 9c 01 14 00 00 00 00 00 00 00 00 00 00 00 00  ................
      0020  00 00 00 00 00 00 00 00 0c 00 00 00 00 00 00 00  ................
      0030  04 00 00 00 8c 9c 01 14                          ........
   session handle = 0x14019c8c
>> 0x66 capture_start (80 bytes)
<< 0x66 status=0x00 (72 bytes)

== capture started; logging interrupts for 100 s (do not touch) ==
>> 0x68 capture_cancel (56 bytes)
<< 0x68 status=0x00 (44 bytes)
>> 0x04 close (56 bytes)
<< 0x04 status=0x00 (44 bytes)
#### 2026-10-02 21:04:55 --log ~/projects/cv2-research/cvtool.log capture-idle --presses 60
>> 0x02 open (96 bytes)
      0000  01 00 00 00 60 00 00 00 02 00 40 04 02 00 00 00  ....`.....@.....
      0010  00 00 00 00 00 00 00 00 00 00 00 00 00 00 00 00  ................
      0020  00 00 00 00 00 00 00 00 34 00 00 00 00 00 00 00  ........4.......
      0030  04 00 00 00 44 00 00 00 01 00 00 00 07 00 00 00  ....D...........
      0040  6d 79 41 70 70 49 44 00 01 00 00 00 08 00 00 00  myAppID.........
      0050  6d 79 55 73 65 72 49 44 01 00 00 00 00 00 00 00  myUserID........
<< 0x02 status=0x00 (56 bytes)
      0000  01 00 00 00 38 00 00 00 02 00 40 05 02 00 00 00  ....8.....@.....
      0010  8c 9c 01 14 00 00 00 00 00 00 00 00 00 00 00 00  ................
      0020  00 00 00 00 00 00 00 00 0c 00 00 00 00 00 00 00  ................
      0030  04 00 00 00 8c 9c 01 14                          ........
   session handle = 0x14019c8c
>> 0x66 capture_start (80 bytes)
<< 0x66 status=0x00 (72 bytes)

== capture started; logging interrupts for 60 s (do not touch) ==
    18.49 s: interrupt type 3 len 7
   (no bulk data)
>> 0x68 capture_cancel (56 bytes)
<< 0x68 status=0x00 (44 bytes)
>> 0x66 capture_start (80 bytes)
<< 0x66 status=0x00 (72 bytes)
   re-armed
    23.03 s: interrupt type 3 len 7
   (no bulk data)
>> 0x68 capture_cancel (56 bytes)
<< 0x68 status=0x00 (44 bytes)
>> 0x66 capture_start (80 bytes)
<< 0x66 status=0x00 (72 bytes)
   re-armed
    28.08 s: interrupt type 3 len 7
   (no bulk data)
>> 0x68 capture_cancel (56 bytes)
<< 0x68 status=0x00 (44 bytes)
>> 0x66 capture_start (80 bytes)
<< 0x66 status=0x00 (72 bytes)
   re-armed
    34.06 s: interrupt type 3 len 7
   (no bulk data)
>> 0x68 capture_cancel (56 bytes)
<< 0x68 status=0x00 (44 bytes)
>> 0x66 capture_start (80 bytes)
<< 0x66 status=0x00 (72 bytes)
   re-armed
    38.78 s: interrupt type 3 len 0
>> 0x68 capture_cancel (56 bytes)
<< 0x68 status=0x00 (44 bytes)
>> 0x66 capture_start (80 bytes)
<< 0x66 status=0x00 (72 bytes)
   re-armed
    40.79 s: interrupt type 3 len 0
>> 0x68 capture_cancel (56 bytes)
<< 0x68 status=0x00 (44 bytes)
>> 0x66 capture_start (80 bytes)
<< 0x66 status=0x00 (72 bytes)
   re-armed
>> 0x68 capture_cancel (56 bytes)
<< 0x68 status=0x00 (44 bytes)
>> 0x04 close (56 bytes)
<< 0x04 status=0x00 (44 bytes)
#### 2026-10-02 21:13:26 --log ~/projects/cv2-research/cvtool.log capture-wait --handles 00c2c118
>> 0x02 open (96 bytes)
      0000  01 00 00 00 60 00 00 00 02 00 40 04 02 00 00 00  ....`.....@.....
      0010  00 00 00 00 00 00 00 00 00 00 00 00 00 00 00 00  ................
      0020  00 00 00 00 00 00 00 00 34 00 00 00 00 00 00 00  ........4.......
      0030  04 00 00 00 44 00 00 00 01 00 00 00 07 00 00 00  ....D...........
      0040  6d 79 41 70 70 49 44 00 01 00 00 00 08 00 00 00  myAppID.........
      0050  6d 79 55 73 65 72 49 44 01 00 00 00 00 00 00 00  myUserID........
<< 0x02 status=0x00 (56 bytes)
      0000  01 00 00 00 38 00 00 00 02 00 40 05 02 00 00 00  ....8.....@.....
      0010  8c 9c 01 14 00 00 00 00 00 00 00 00 00 00 00 00  ................
      0020  00 00 00 00 00 00 00 00 0c 00 00 00 00 00 00 00  ................
      0030  04 00 00 00 8c 9c 01 14                          ........
   session handle = 0x14019c8c
>> 0x66 capture_start (80 bytes)
<< 0x66 status=0x00 (72 bytes)

== capture started: quick tap, then a held press (no re-arm) ==
>> 0x68 capture_cancel (56 bytes)
<< 0x68 status=0x00 (44 bytes)
>> 0x04 close (56 bytes)
<< 0x04 status=0x00 (44 bytes)
#### 2026-10-02 21:42:57 --log ~/projects/cv2-research/cvtool.log reset-state
>> 0x02 open (96 bytes)
      0000  01 00 00 00 60 00 00 00 02 00 40 04 02 00 00 00  ....`.....@.....
      0010  00 00 00 00 00 00 00 00 00 00 00 00 00 00 00 00  ................
      0020  00 00 00 00 00 00 00 00 34 00 00 00 00 00 00 00  ........4.......
      0030  04 00 00 00 44 00 00 00 01 00 00 00 07 00 00 00  ....D...........
      0040  6d 79 41 70 70 49 44 00 01 00 00 00 08 00 00 00  myAppID.........
      0050  6d 79 55 73 65 72 49 44 01 00 00 00 00 00 00 00  myUserID........
<< 0x02 status=0x00 (56 bytes)
      0000  01 00 00 00 38 00 00 00 02 00 40 05 02 00 00 00  ....8.....@.....
      0010  8c 9c 01 14 00 00 00 00 00 00 00 00 00 00 00 00  ................
      0020  00 00 00 00 00 00 00 00 0c 00 00 00 00 00 00 00  ................
      0030  04 00 00 00 8c 9c 01 14                          ........
   session handle = 0x14019c8c

== discard enrollment, cancel capture ==
>> 0x68 capture_cancel (56 bytes)
      0000  01 00 00 00 38 00 00 00 68 00 40 04 02 00 00 00  ....8...h.@.....
      0010  00 00 00 00 00 00 00 00 00 00 00 00 00 00 00 00  ................
      0020  00 00 00 00 00 00 00 00 0c 00 00 00 00 00 00 00  ................
      0030  04 00 00 00 00 00 00 00                          ........
<< 0x68 status=0x00 (44 bytes)
      0000  01 00 00 00 2c 00 00 00 68 00 40 05 02 00 00 00  ....,...h.@.....
      0010  00 00 00 00 00 00 00 00 00 00 00 00 00 00 00 00  ................
      0020  00 00 00 00 00 00 00 00 00 00 00 00              ............
>> 0x6d enroll_discard (56 bytes)
      0000  01 00 00 00 38 00 00 00 6d 00 40 04 02 00 00 00  ....8...m.@.....
      0010  00 00 00 00 00 00 00 00 00 00 00 00 00 00 00 00  ................
      0020  00 00 00 00 00 00 00 00 0c 00 00 00 00 00 00 00  ................
      0030  04 00 00 00 00 00 00 00                          ........
<< 0x6d status=0x00 (44 bytes)
      0000  01 00 00 00 2c 00 00 00 6d 00 40 05 02 00 00 00  ....,...m.@.....
      0010  00 00 00 00 00 00 00 00 00 00 00 00 00 00 00 00  ................
      0020  00 00 00 00 00 00 00 00 00 00 00 00              ............
>> 0x04 close (56 bytes)
<< 0x04 status=0x00 (44 bytes)
#### 2026-10-02 22:03:37 --log ~/projects/cv2-research/cvtool.log send-82

== 0x82 (Windows enrollment prelude) ==
>> 0x82 windows_enroll_prep (56 bytes)
      0000  01 00 00 00 38 00 00 00 82 00 40 00 02 00 00 00  ....8.....@.....
      0010  00 00 00 00 00 00 00 00 00 00 00 00 00 00 00 00  ................
      0020  00 00 00 00 00 00 00 00 0c 00 00 00 00 00 00 00  ................
      0030  04 00 00 00 00 00 00 00                          ........
<< 0x82 status=0x00 (44 bytes)
      0000  01 00 00 00 2c 00 00 00 82 00 40 01 02 00 00 00  ....,.....@.....
      0010  00 00 00 00 00 00 00 00 00 00 00 00 00 00 00 00  ................
      0020  00 00 00 00 00 00 00 00 00 00 00 00              ............
   0x82 -> status 0x0, 44 bytes
#### 2026-10-02 22:05:50 --log ~/projects/cv2-research/cvtool.log send-82

== 0x82 (Windows enrollment prelude) ==
>> 0x82 windows_enroll_prep (56 bytes)
      0000  01 00 00 00 38 00 00 00 82 00 40 00 02 00 00 00  ....8.....@.....
      0010  00 00 00 00 00 00 00 00 00 00 00 00 00 00 00 00  ................
      0020  00 00 00 00 00 00 00 00 0c 00 00 00 00 00 00 00  ................
      0030  04 00 00 00 00 00 00 00                          ........
<< 0x82 status=0x00 (44 bytes)
      0000  01 00 00 00 2c 00 00 00 82 00 40 01 02 00 00 00  ....,.....@.....
      0010  00 00 00 00 00 00 00 00 00 00 00 00 00 00 00 00  ................
      0020  00 00 00 00 00 00 00 00 00 00 00 00              ............
   0x82 -> status 0x0, 44 bytes
#### 2026-10-04 14:17:30 --log cvtool.log commit-fill --handles-file fill-handles.txt --max-commits 2

== 0x82 sensor reset ==
>> 0x82 windows_enroll_prep (56 bytes)
<< 0x82 status=0x00 (44 bytes)
>> 0x02 open (96 bytes)
      0000  01 00 00 00 60 00 00 00 02 00 40 04 02 00 00 00  ....`.....@.....
      0010  00 00 00 00 00 00 00 00 00 00 00 00 00 00 00 00  ................
      0020  00 00 00 00 00 00 00 00 34 00 00 00 00 00 00 00  ........4.......
      0030  04 00 00 00 44 00 00 00 01 00 00 00 07 00 00 00  ....D...........
      0040  6d 79 41 70 70 49 44 00 01 00 00 00 08 00 00 00  myAppID.........
      0050  6d 79 55 73 65 72 49 44 01 00 00 00 00 00 00 00  myUserID........
<< 0x02 status=0x00 (56 bytes)
      0000  01 00 00 00 38 00 00 00 02 00 40 05 02 00 00 00  ....8.....@.....
      0010  8c 9c 01 14 00 00 00 00 00 00 00 00 00 00 00 00  ................
      0020  00 00 00 00 00 00 00 00 0c 00 00 00 00 00 00 00  ................
      0030  04 00 00 00 8c 9c 01 14                          ........
   session handle = 0x14019c8c

== enrollment: press and lift fully each time ==
>> 0x8a enrollment_started (56 bytes)
<< 0x8a status=0x00 (44 bytes)
>> 0x66 capture_start (80 bytes)
<< 0x66 status=0x00 (72 bytes)
>> 0x6c enroll_update (92 bytes)
<< 0x6c status=0x00 (96 bytes)
   sample #1 accepted, done=0
>> 0x8a enrollment_started (56 bytes)
<< 0x8a status=0x00 (44 bytes)
>> 0x66 capture_start (80 bytes)
<< 0x66 status=0x00 (72 bytes)
>> 0x6c enroll_update (92 bytes)
<< 0x6c status=0x00 (96 bytes)
   sample #2 accepted, done=0
>> 0x8a enrollment_started (56 bytes)
<< 0x8a status=0x00 (44 bytes)
>> 0x66 capture_start (80 bytes)
<< 0x66 status=0x00 (72 bytes)
>> 0x6c enroll_update (92 bytes)
<< 0x6c status=0x00 (96 bytes)
   sample #3 accepted, done=0
>> 0x8a enrollment_started (56 bytes)
<< 0x8a status=0x00 (44 bytes)
>> 0x66 capture_start (80 bytes)
<< 0x66 status=0x00 (72 bytes)
>> 0x6c enroll_update (92 bytes)
<< 0x6c status=0x00 (96 bytes)
   sample #4 accepted, done=1
   result ID = f26683d8e874c3a9987c9ce58f144fbd52587c97

== committing the same result up to 2 times ==
>> 0x6e enroll_commit (140 bytes)
<< 0x6e status=0x00 (65 bytes)
   commit #1 -> handle 0x006f78f3 (1.3 s)
>> 0x6e enroll_commit (140 bytes)
<< 0x6e status=0x8d (44 bytes)
      0000  01 00 00 00 2c 00 00 00 6e 00 40 05 02 00 00 00  ....,...n.@.....
      0010  8c 9c 01 14 8d 00 00 00 00 00 00 00 00 00 00 00  ................
      0020  00 00 00 00 00 00 00 00 00 00 00 00              ............
      0000  01 00 00 00 2c 00 00 00 6e 00 40 05 02 00 00 00  ....,...n.@.....
      0010  8c 9c 01 14 8d 00 00 00 00 00 00 00 00 00 00 00  ................
      0020  00 00 00 00 00 00 00 00 00 00 00 00              ............
   STOP: commit #2 failed with status 0x8d; 1 new handles in fill-handles.txt

== existence check: one press, then each handle matched alone ==
>> 0x68 capture_cancel (56 bytes)
<< 0x68 status=0x00 (44 bytes)
>> 0x66 capture_start (80 bytes)
<< 0x66 status=0x00 (72 bytes)
>> 0x2f match (104 bytes)
      0000  01 00 00 00 68 00 00 00 2f 00 42 04 02 00 00 00  ....h.../.B.....
      0010  8c 9c 01 14 00 00 00 00 00 00 00 00 00 00 00 00  ................
      0020  00 00 00 00 00 00 00 00 3c 00 00 00 00 00 00 00  ........<.......
      0030  04 00 00 00 8c 9c 01 14 00 00 00 00 04 00 00 00  ................
      0040  48 00 00 00 00 00 00 00 04 00 00 00 e2 53 00 00  H............S..
      0050  00 00 00 00 04 00 00 00 00 00 00 00 02 00 00 00  ................
      0060  04 00 00 00 f3 78 6f 00                          .....xo.
<< 0x2f status=0x00 (68 bytes)
      0000  01 00 00 00 44 00 00 00 2f 00 42 05 02 00 00 00  ....D.../.B.....
      0010  8c 9c 01 14 00 00 00 00 00 00 00 00 00 00 00 00  ................
      0020  00 00 00 00 00 00 00 00 18 00 00 00 00 00 00 00  ................
      0030  04 00 00 00 01 00 00 00 00 00 00 00 04 00 00 00  ................
      0040  f3 78 6f 00                                      .xo.
   existence: 1 present, 0 missing, 0 other
>> 0x68 capture_cancel (56 bytes)
<< 0x68 status=0x00 (44 bytes)
>> 0x04 close (56 bytes)
<< 0x04 status=0x00 (44 bytes)
#### 2026-10-04 14:19:20 --log cvtool.log delete --handles-file fill-handles.txt --auth
>> 0x02 open (96 bytes)
      0000  01 00 00 00 60 00 00 00 02 00 40 04 02 00 00 00  ....`.....@.....
      0010  00 00 00 00 00 00 00 00 00 00 00 00 00 00 00 00  ................
      0020  00 00 00 00 00 00 00 00 34 00 00 00 00 00 00 00  ........4.......
      0030  04 00 00 00 44 00 00 00 01 00 00 00 07 00 00 00  ....D...........
      0040  6d 79 41 70 70 49 44 00 01 00 00 00 08 00 00 00  myAppID.........
      0050  6d 79 55 73 65 72 49 44 01 00 00 00 00 00 00 00  myUserID........
<< 0x02 status=0x00 (56 bytes)
      0000  01 00 00 00 38 00 00 00 02 00 40 05 02 00 00 00  ....8.....@.....
      0010  8c 9c 01 14 00 00 00 00 00 00 00 00 00 00 00 00  ................
      0020  00 00 00 00 00 00 00 00 0c 00 00 00 00 00 00 00  ................
      0030  04 00 00 00 8c 9c 01 14                          ........
   session handle = 0x14019c8c
>> 0x0a delete_template (100 bytes)
<< 0x0a status=0x00 (44 bytes)
   delete 0x006f78f3 -> status 0x0
   delete summary: status 0x0 x1
>> 0x04 close (56 bytes)
<< 0x04 status=0x00 (44 bytes)
#### 2026-10-04 14:23:59 --log cvtool.log delete --handles-file gone-handles.txt
>> 0x02 open (96 bytes)
      0000  01 00 00 00 60 00 00 00 02 00 40 04 02 00 00 00  ....`.....@.....
      0010  00 00 00 00 00 00 00 00 00 00 00 00 00 00 00 00  ................
      0020  00 00 00 00 00 00 00 00 34 00 00 00 00 00 00 00  ........4.......
      0030  04 00 00 00 44 00 00 00 01 00 00 00 07 00 00 00  ....D...........
      0040  6d 79 41 70 70 49 44 00 01 00 00 00 08 00 00 00  myAppID.........
      0050  6d 79 55 73 65 72 49 44 01 00 00 00 00 00 00 00  myUserID........
<< 0x02 status=0x00 (56 bytes)
      0000  01 00 00 00 38 00 00 00 02 00 40 05 02 00 00 00  ....8.....@.....
      0010  8c 9c 01 14 00 00 00 00 00 00 00 00 00 00 00 00  ................
      0020  00 00 00 00 00 00 00 00 0c 00 00 00 00 00 00 00  ................
      0030  04 00 00 00 8c 9c 01 14                          ........
   session handle = 0x14019c8c
>> 0x0a delete_template (76 bytes)
<< 0x0a status=0x1b (44 bytes)
      0000  01 00 00 00 2c 00 00 00 0a 00 42 05 02 00 00 00  ....,.....B.....
      0010  8c 9c 01 14 1b 00 00 00 00 00 00 00 00 00 00 00  ................
      0020  00 00 00 00 00 00 00 00 00 00 00 00              ............
   delete 0x006f78f3 -> status 0x1b (0.017 s)
>> 0x0a delete_template (76 bytes)
<< 0x0a status=0x1b (44 bytes)
      0000  01 00 00 00 2c 00 00 00 0a 00 42 05 02 00 00 00  ....,.....B.....
      0010  8c 9c 01 14 1b 00 00 00 00 00 00 00 00 00 00 00  ................
      0020  00 00 00 00 00 00 00 00 00 00 00 00              ............
   delete 0x001dbdae -> status 0x1b (0.015 s)
>> 0x0a delete_template (76 bytes)
<< 0x0a status=0x1b (44 bytes)
      0000  01 00 00 00 2c 00 00 00 0a 00 42 05 02 00 00 00  ....,.....B.....
      0010  8c 9c 01 14 1b 00 00 00 00 00 00 00 00 00 00 00  ................
      0020  00 00 00 00 00 00 00 00 00 00 00 00              ............
   delete 0x00a2dc0d -> status 0x1b (0.014 s)
>> 0x0a delete_template (76 bytes)
<< 0x0a status=0x1b (44 bytes)
      0000  01 00 00 00 2c 00 00 00 0a 00 42 05 02 00 00 00  ....,.....B.....
      0010  8c 9c 01 14 1b 00 00 00 00 00 00 00 00 00 00 00  ................
      0020  00 00 00 00 00 00 00 00 00 00 00 00              ............
   delete 0x006e718d -> status 0x1b (0.014 s)
>> 0x0a delete_template (76 bytes)
<< 0x0a status=0x1b (44 bytes)
      0000  01 00 00 00 2c 00 00 00 0a 00 42 05 02 00 00 00  ....,.....B.....
      0010  8c 9c 01 14 1b 00 00 00 00 00 00 00 00 00 00 00  ................
      0020  00 00 00 00 00 00 00 00 00 00 00 00              ............
   delete 0x0033637c -> status 0x1b (0.014 s)
>> 0x0a delete_template (76 bytes)
<< 0x0a status=0x1b (44 bytes)
      0000  01 00 00 00 2c 00 00 00 0a 00 42 05 02 00 00 00  ....,.....B.....
      0010  8c 9c 01 14 1b 00 00 00 00 00 00 00 00 00 00 00  ................
      0020  00 00 00 00 00 00 00 00 00 00 00 00              ............
   delete 0x00f92683 -> status 0x1b (0.013 s)
>> 0x0a delete_template (76 bytes)
<< 0x0a status=0x1b (44 bytes)
      0000  01 00 00 00 2c 00 00 00 0a 00 42 05 02 00 00 00  ....,.....B.....
      0010  8c 9c 01 14 1b 00 00 00 00 00 00 00 00 00 00 00  ................
      0020  00 00 00 00 00 00 00 00 00 00 00 00              ............
   delete 0x00e07c5e -> status 0x1b (0.013 s)
>> 0x0a delete_template (76 bytes)
<< 0x0a status=0x1b (44 bytes)
      0000  01 00 00 00 2c 00 00 00 0a 00 42 05 02 00 00 00  ....,.....B.....
      0010  8c 9c 01 14 1b 00 00 00 00 00 00 00 00 00 00 00  ................
      0020  00 00 00 00 00 00 00 00 00 00 00 00              ............
   delete 0x00e480f9 -> status 0x1b (0.014 s)
>> 0x0a delete_template (76 bytes)
<< 0x0a status=0x1b (44 bytes)
      0000  01 00 00 00 2c 00 00 00 0a 00 42 05 02 00 00 00  ....,.....B.....
      0010  8c 9c 01 14 1b 00 00 00 00 00 00 00 00 00 00 00  ................
      0020  00 00 00 00 00 00 00 00 00 00 00 00              ............
   delete 0x00946897 -> status 0x1b (0.014 s)
>> 0x0a delete_template (76 bytes)
<< 0x0a status=0x1b (44 bytes)
      0000  01 00 00 00 2c 00 00 00 0a 00 42 05 02 00 00 00  ....,.....B.....
      0010  8c 9c 01 14 1b 00 00 00 00 00 00 00 00 00 00 00  ................
      0020  00 00 00 00 00 00 00 00 00 00 00 00              ............
   delete 0x00264032 -> status 0x1b (0.013 s)
   delete summary: status 0x1b x10 (median 0.014 s)
>> 0x04 close (56 bytes)
<< 0x04 status=0x00 (44 bytes)
#### 2026-10-04 14:24:01 --log cvtool.log delete --handles-file gone-handles.txt --auth
>> 0x02 open (96 bytes)
      0000  01 00 00 00 60 00 00 00 02 00 40 04 02 00 00 00  ....`.....@.....
      0010  00 00 00 00 00 00 00 00 00 00 00 00 00 00 00 00  ................
      0020  00 00 00 00 00 00 00 00 34 00 00 00 00 00 00 00  ........4.......
      0030  04 00 00 00 44 00 00 00 01 00 00 00 07 00 00 00  ....D...........
      0040  6d 79 41 70 70 49 44 00 01 00 00 00 08 00 00 00  myAppID.........
      0050  6d 79 55 73 65 72 49 44 01 00 00 00 00 00 00 00  myUserID........
<< 0x02 status=0x00 (56 bytes)
      0000  01 00 00 00 38 00 00 00 02 00 40 05 02 00 00 00  ....8.....@.....
      0010  8c 9c 01 14 00 00 00 00 00 00 00 00 00 00 00 00  ................
      0020  00 00 00 00 00 00 00 00 0c 00 00 00 00 00 00 00  ................
      0030  04 00 00 00 8c 9c 01 14                          ........
   session handle = 0x14019c8c
>> 0x0a delete_template (100 bytes)
<< 0x0a status=0x1b (44 bytes)
      0000  01 00 00 00 2c 00 00 00 0a 00 42 05 02 00 00 00  ....,.....B.....
      0010  8c 9c 01 14 1b 00 00 00 00 00 00 00 00 00 00 00  ................
      0020  00 00 00 00 00 00 00 00 00 00 00 00              ............
   delete 0x006f78f3 -> status 0x1b (0.017 s)
>> 0x0a delete_template (100 bytes)
<< 0x0a status=0x1b (44 bytes)
      0000  01 00 00 00 2c 00 00 00 0a 00 42 05 02 00 00 00  ....,.....B.....
      0010  8c 9c 01 14 1b 00 00 00 00 00 00 00 00 00 00 00  ................
      0020  00 00 00 00 00 00 00 00 00 00 00 00              ............
   delete 0x001dbdae -> status 0x1b (0.015 s)
>> 0x0a delete_template (100 bytes)
<< 0x0a status=0x1b (44 bytes)
      0000  01 00 00 00 2c 00 00 00 0a 00 42 05 02 00 00 00  ....,.....B.....
      0010  8c 9c 01 14 1b 00 00 00 00 00 00 00 00 00 00 00  ................
      0020  00 00 00 00 00 00 00 00 00 00 00 00              ............
   delete 0x00a2dc0d -> status 0x1b (0.015 s)
>> 0x0a delete_template (100 bytes)
<< 0x0a status=0x1b (44 bytes)
      0000  01 00 00 00 2c 00 00 00 0a 00 42 05 02 00 00 00  ....,.....B.....
      0010  8c 9c 01 14 1b 00 00 00 00 00 00 00 00 00 00 00  ................
      0020  00 00 00 00 00 00 00 00 00 00 00 00              ............
   delete 0x006e718d -> status 0x1b (0.014 s)
>> 0x0a delete_template (100 bytes)
<< 0x0a status=0x1b (44 bytes)
      0000  01 00 00 00 2c 00 00 00 0a 00 42 05 02 00 00 00  ....,.....B.....
      0010  8c 9c 01 14 1b 00 00 00 00 00 00 00 00 00 00 00  ................
      0020  00 00 00 00 00 00 00 00 00 00 00 00              ............
   delete 0x0033637c -> status 0x1b (0.014 s)
>> 0x0a delete_template (100 bytes)
<< 0x0a status=0x1b (44 bytes)
      0000  01 00 00 00 2c 00 00 00 0a 00 42 05 02 00 00 00  ....,.....B.....
      0010  8c 9c 01 14 1b 00 00 00 00 00 00 00 00 00 00 00  ................
      0020  00 00 00 00 00 00 00 00 00 00 00 00              ............
   delete 0x00f92683 -> status 0x1b (0.013 s)
>> 0x0a delete_template (100 bytes)
<< 0x0a status=0x1b (44 bytes)
      0000  01 00 00 00 2c 00 00 00 0a 00 42 05 02 00 00 00  ....,.....B.....
      0010  8c 9c 01 14 1b 00 00 00 00 00 00 00 00 00 00 00  ................
      0020  00 00 00 00 00 00 00 00 00 00 00 00              ............
   delete 0x00e07c5e -> status 0x1b (0.013 s)
>> 0x0a delete_template (100 bytes)
<< 0x0a status=0x1b (44 bytes)
      0000  01 00 00 00 2c 00 00 00 0a 00 42 05 02 00 00 00  ....,.....B.....
      0010  8c 9c 01 14 1b 00 00 00 00 00 00 00 00 00 00 00  ................
      0020  00 00 00 00 00 00 00 00 00 00 00 00              ............
   delete 0x00e480f9 -> status 0x1b (0.013 s)
>> 0x0a delete_template (100 bytes)
<< 0x0a status=0x1b (44 bytes)
      0000  01 00 00 00 2c 00 00 00 0a 00 42 05 02 00 00 00  ....,.....B.....
      0010  8c 9c 01 14 1b 00 00 00 00 00 00 00 00 00 00 00  ................
      0020  00 00 00 00 00 00 00 00 00 00 00 00              ............
   delete 0x00946897 -> status 0x1b (0.014 s)
>> 0x0a delete_template (100 bytes)
<< 0x0a status=0x1b (44 bytes)
      0000  01 00 00 00 2c 00 00 00 0a 00 42 05 02 00 00 00  ....,.....B.....
      0010  8c 9c 01 14 1b 00 00 00 00 00 00 00 00 00 00 00  ................
      0020  00 00 00 00 00 00 00 00 00 00 00 00              ............
   delete 0x00264032 -> status 0x1b (0.013 s)
   delete summary: status 0x1b x10 (median 0.014 s)
>> 0x04 close (56 bytes)
<< 0x04 status=0x00 (44 bytes)
